[main] utils.openSim loaded via importlib: <module 'utils.openSim' from 'C:\\Git\\msk_modelling_python\\msk_modelling_python\\utils\\openSim.py'>
[GUI] Importing main_window...
2026-06-09 19:39:25 - INFO - [GUI] Importing main_window...
[GUI] Starting GUI...
2026-06-09 19:39:25 - INFO - [GUI] Starting GUI...
[main_window] Creating MainWindow...
2026-06-09 19:39:26 - INFO - Tab created successfully: Session Analysis
2026-06-09 19:39:27 - INFO - Tab created successfully: Recording
2026-06-09 19:39:28 - WARNING - CustomTkinter initialization issue for Video Analysis, retrying...
2026-06-09 19:39:28 - WARNING - CustomTkinter initialization issue for Video Analysis, retrying...
2026-06-09 19:39:28 - WARNING - CustomTkinter initialization issue for Video Analysis, retrying...
2026-06-09 19:39:28 - WARNING - CustomTkinter initialization issue for Video Analysis, retrying...
2026-06-09 19:39:28 - WARNING - CustomTkinter initialization issue for Video Analysis, retrying...
2026-06-09 19:39:28 - WARNING - CustomTkinter initialization issue for Video Analysis, retrying...
2026-06-09 19:39:28 - WARNING - CustomTkinter initialization issue for Video Analysis, retrying...
2026-06-09 19:39:29 - WARNING - CustomTkinter initialization issue for Video Analysis, retrying...
2026-06-09 19:39:29 - WARNING - CustomTkinter initialization issue for Video Analysis, retrying...
2026-06-09 19:39:29 - WARNING - CustomTkinter initialization issue for Video Analysis, retrying...
2026-06-09 19:39:29 - WARNING - CustomTkinter initialization issue for Video Analysis, retrying...
2026-06-09 19:39:29 - WARNING - CustomTkinter initialization issue for Video Analysis, retrying...
2026-06-09 19:39:29 - WARNING - CustomTkinter initialization issue for Video Analysis, retrying...
2026-06-09 19:39:29 - WARNING - CustomTkinter initialization issue for Video Analysis, retrying...
2026-06-09 19:39:29 - WARNING - CustomTkinter initialization issue for Video Analysis, retrying...
2026-06-09 19:39:30 - WARNING - CustomTkinter initialization issue for Video Analysis, retrying...
2026-06-09 19:39:30 - WARNING - CustomTkinter initialization issue for Video Analysis, retrying...
2026-06-09 19:39:30 - WARNING - CustomTkinter initialization issue for Video Analysis, retrying...
2026-06-09 19:39:30 - WARNING - CustomTkinter initialization issue for Video Analysis, retrying...
2026-06-09 19:39:30 - WARNING - CustomTkinter initialization issue for Video Analysis, retrying...
2026-06-09 19:39:30 - WARNING - CustomTkinter initialization issue for Video Analysis, retrying...
2026-06-09 19:39:30 - WARNING - CustomTkinter initialization issue for Video Analysis, retrying...
2026-06-09 19:39:30 - WARNING - CustomTkinter initialization issue for Video Analysis, retrying...
2026-06-09 19:39:30 - WARNING - CustomTkinter initialization issue for Video Analysis, retrying...
2026-06-09 19:39:31 - WARNING - CustomTkinter initialization issue for Video Analysis, retrying...
2026-06-09 19:39:31 - WARNING - CustomTkinter initialization issue for Video Analysis, retrying...
2026-06-09 19:39:31 - WARNING - CustomTkinter initialization issue for Video Analysis, retrying...
2026-06-09 19:39:31 - WARNING - CustomTkinter initialization issue for Video Analysis, retrying...
2026-06-09 19:39:31 - WARNING - CustomTkinter initialization issue for Video Analysis, retrying...
2026-06-09 19:39:31 - WARNING - CustomTkinter initialization issue for Video Analysis, retrying...
2026-06-09 19:39:31 - WARNING - CustomTkinter initialization issue for Video Analysis, retrying...
2026-06-09 19:39:31 - WARNING - CustomTkinter initialization issue for Video Analysis, retrying...
2026-06-09 19:39:31 - WARNING - CustomTkinter initialization issue for Video Analysis, retrying...
2026-06-09 19:39:32 - WARNING - CustomTkinter initialization issue for Video Analysis, retrying...
2026-06-09 19:39:32 - WARNING - CustomTkinter initialization issue for Video Analysis, retrying...
2026-06-09 19:39:32 - WARNING - CustomTkinter initialization issue for Video Analysis, retrying...
2026-06-09 19:39:32 - WARNING - CustomTkinter initialization issue for Video Analysis, retrying...
2026-06-09 19:39:32 - WARNING - CustomTkinter initialization issue for Video Analysis, retrying...
2026-06-09 19:39:32 - WARNING - CustomTkinter initialization issue for Video Analysis, retrying...
2026-06-09 19:39:32 - WARNING - CustomTkinter initialization issue for Video Analysis, retrying...
2026-06-09 19:39:32 - WARNING - CustomTkinter initialization issue for Video Analysis, retrying...
2026-06-09 19:39:33 - WARNING - CustomTkinter initialization issue for Video Analysis, retrying...
2026-06-09 19:39:33 - WARNING - CustomTkinter initialization issue for Video Analysis, retrying...
2026-06-09 19:39:33 - WARNING - CustomTkinter initialization issue for Video Analysis, retrying...
2026-06-09 19:39:33 - WARNING - CustomTkinter initialization issue for Video Analysis, retrying...
2026-06-09 19:39:33 - WARNING - CustomTkinter initialization issue for Video Analysis, retrying...
2026-06-09 19:39:33 - WARNING - CustomTkinter initialization issue for Video Analysis, retrying...
2026-06-09 19:39:33 - WARNING - CustomTkinter initialization issue for Video Analysis, retrying...
2026-06-09 19:39:33 - WARNING - CustomTkinter initialization issue for Video Analysis, retrying...
2026-06-09 19:39:34 - WARNING - CustomTkinter initialization issue for Video Analysis, retrying...
2026-06-09 19:39:34 - WARNING - CustomTkinter initialization issue for Video Analysis, retrying...
2026-06-09 19:39:34 - WARNING - CustomTkinter initialization issue for Video Analysis, retrying...
2026-06-09 19:39:34 - WARNING - CustomTkinter initialization issue for Video Analysis, retrying...
2026-06-09 19:39:34 - WARNING - CustomTkinter initialization issue for Video Analysis, retrying...
2026-06-09 19:39:34 - WARNING - CustomTkinter initialization issue for Video Analysis, retrying...
2026-06-09 19:39:34 - WARNING - CustomTkinter initialization issue for Video Analysis, retrying...
2026-06-09 19:39:34 - WARNING - CustomTkinter initialization issue for Video Analysis, retrying...
2026-06-09 19:39:35 - WARNING - CustomTkinter initialization issue for Video Analysis, retrying...
2026-06-09 19:39:35 - WARNING - CustomTkinter initialization issue for Video Analysis, retrying...
2026-06-09 19:39:35 - WARNING - CustomTkinter initialization issue for Video Analysis, retrying...
2026-06-09 19:39:35 - WARNING - CustomTkinter initialization issue for Video Analysis, retrying...
2026-06-09 19:39:35 - WARNING - CustomTkinter initialization issue for Video Analysis, retrying...
2026-06-09 19:39:35 - WARNING - CustomTkinter initialization issue for Video Analysis, retrying...
2026-06-09 19:39:35 - WARNING - CustomTkinter initialization issue for Video Analysis, retrying...
2026-06-09 19:39:35 - WARNING - CustomTkinter initialization issue for Video Analysis, retrying...
2026-06-09 19:39:35 - WARNING - CustomTkinter initialization issue for Video Analysis, retrying...
2026-06-09 19:39:36 - WARNING - CustomTkinter initialization issue for Video Analysis, retrying...
2026-06-09 19:39:36 - WARNING - CustomTkinter initialization issue for Video Analysis, retrying...
2026-06-09 19:39:36 - WARNING - CustomTkinter initialization issue for Video Analysis, retrying...
2026-06-09 19:39:36 - WARNING - CustomTkinter initialization issue for Video Analysis, retrying...
2026-06-09 19:39:36 - WARNING - CustomTkinter initialization issue for Video Analysis, retrying...
2026-06-09 19:39:36 - WARNING - CustomTkinter initialization issue for Video Analysis, retrying...
2026-06-09 19:39:36 - WARNING - CustomTkinter initialization issue for Video Analysis, retrying...
2026-06-09 19:39:36 - WARNING - CustomTkinter initialization issue for Video Analysis, retrying...
2026-06-09 19:39:37 - WARNING - CustomTkinter initialization issue for Video Analysis, retrying...
2026-06-09 19:39:37 - WARNING - CustomTkinter initialization issue for Video Analysis, retrying...
2026-06-09 19:39:37 - WARNING - CustomTkinter initialization issue for Video Analysis, retrying...
2026-06-09 19:39:37 - WARNING - CustomTkinter initialization issue for Video Analysis, retrying...
2026-06-09 19:39:37 - WARNING - CustomTkinter initialization issue for Video Analysis, retrying...
2026-06-09 19:39:37 - WARNING - CustomTkinter initialization issue for Video Analysis, retrying...
2026-06-09 19:39:37 - WARNING - CustomTkinter initialization issue for Video Analysis, retrying...
2026-06-09 19:39:37 - WARNING - CustomTkinter initialization issue for Video Analysis, retrying...
2026-06-09 19:39:38 - WARNING - CustomTkinter initialization issue for Video Analysis, retrying...
2026-06-09 19:39:38 - WARNING - CustomTkinter initialization issue for Video Analysis, retrying...
2026-06-09 19:39:38 - WARNING - CustomTkinter initialization issue for Video Analysis, retrying...
2026-06-09 19:39:38 - WARNING - CustomTkinter initialization issue for Video Analysis, retrying...
2026-06-09 19:39:38 - WARNING - CustomTkinter initialization issue for Video Analysis, retrying...
2026-06-09 19:39:38 - WARNING - CustomTkinter initialization issue for Video Analysis, retrying...
2026-06-09 19:39:38 - WARNING - CustomTkinter initialization issue for Video Analysis, retrying...
2026-06-09 19:39:38 - WARNING - CustomTkinter initialization issue for Video Analysis, retrying...
2026-06-09 19:39:39 - WARNING - CustomTkinter initialization issue for Video Analysis, retrying...
2026-06-09 19:39:39 - WARNING - CustomTkinter initialization issue for Video Analysis, retrying...
2026-06-09 19:39:39 - WARNING - CustomTkinter initialization issue for Video Analysis, retrying...
2026-06-09 19:39:39 - WARNING - CustomTkinter initialization issue for Video Analysis, retrying...
2026-06-09 19:39:39 - WARNING - CustomTkinter initialization issue for Video Analysis, retrying...
2026-06-09 19:39:39 - WARNING - CustomTkinter initialization issue for Video Analysis, retrying...
2026-06-09 19:39:39 - WARNING - CustomTkinter initialization issue for Video Analysis, retrying...
2026-06-09 19:39:39 - WARNING - CustomTkinter initialization issue for Video Analysis, retrying...
2026-06-09 19:39:40 - WARNING - CustomTkinter initialization issue for Video Analysis, retrying...
2026-06-09 19:39:40 - WARNING - CustomTkinter initialization issue for Video Analysis, retrying...
2026-06-09 19:39:40 - WARNING - CustomTkinter initialization issue for Video Analysis, retrying...
2026-06-09 19:39:40 - WARNING - CustomTkinter initialization issue for Video Analysis, retrying...
2026-06-09 19:39:41 - WARNING - CustomTkinter initialization issue for Video Analysis, retrying...
2026-06-09 19:39:41 - WARNING - CustomTkinter initialization issue for Video Analysis, retrying...
2026-06-09 19:39:41 - WARNING - CustomTkinter initialization issue for Video Analysis, retrying...
2026-06-09 19:39:46 - INFO - Tab created successfully: Batch C3D
2026-06-09 19:39:47 - INFO - Tab created successfully: EMG Normalization
2026-06-09 19:39:47 - INFO - Tab created successfully: Model Scaling
2026-06-09 19:39:47 - INFO - Tab created successfully: CEINMS Calibration
2026-06-09 19:39:48 - INFO - Tab created successfully: Results
2026-06-09 19:39:51 - INFO - Tab created successfully: Logs
2026-06-09 19:40:00 - ERROR - [GUI] Crashed (KeyboardInterrupt): 
2026-06-09 19:40:00 - ERROR - Traceback (most recent call last):
  File "C:\Git\msk_modelling_python\msk_modelling_python\__main__.py", line 316, in run_gui_mode
    gui_main()
    ~~~~~~~~^^
  File "C:\Git\msk_modelling_python\msk_modelling_python\gui\main_window.py", line 616, in main
    app.run()
    ~~~~~~~^^
  File "C:\Git\msk_modelling_python\msk_modelling_python\gui\main_window.py", line 589, in run
    self.mainloop()
    ~~~~~~~~~~~~~^^
  File "C:\Users\Basilio\miniconda3\envs\msk311b\Lib\site-packages\customtkinter\windows\ctk_tk.py", line 165, in mainloop
    super().mainloop(*args, **kwargs)
    ~~~~~~~~~~~~~~~~^^^^^^^^^^^^^^^^^
  File "C:\Users\Basilio\miniconda3\envs\msk311b\Lib\tkinter\__init__.py", line 1599, in mainloop
    self.tk.mainloop(n)
    ~~~~~~~~~~~~~~~~^^^
  File "C:\Users\Basilio\miniconda3\envs\msk311b\Lib\tkinter\__init__.py", line 2074, in __call__
    def __call__(self, *args):
    
KeyboardInterrupt

