[main] utils.openSim loaded via importlib: <module 'utils.openSim' from 'C:\\Git\\msk_modelling_python\\msk_modelling_python\\utils\\openSim.py'>
[GUI] Importing main_window...
2026-06-10 10:53:14 - INFO - [GUI] Importing main_window...
[GUI] Starting GUI...
2026-06-10 10:53:15 - INFO - [GUI] Starting GUI...
[main_window] Creating MainWindow...
2026-06-10 10:53:16 - INFO - Tab created successfully: Session Analysis
2026-06-10 10:53:17 - INFO - Tab created successfully: Recording
2026-06-10 10:53:18 - INFO - Tab created successfully: Video Analysis
2026-06-10 10:53:21 - INFO - Tab created successfully: Video Analysis
2026-06-10 10:53:22 - INFO - Tab created successfully: C3D Export
2026-06-10 10:53:23 - INFO - Tab created successfully: Batch C3D
2026-06-10 10:53:23 - INFO - Tab created successfully: EMG Normalization
2026-06-10 10:53:23 - INFO - Tab created successfully: Model Scaling
2026-06-10 10:53:23 - INFO - Tab created successfully: CEINMS Calibration
2026-06-10 10:53:24 - INFO - Tab created successfully: Batch
2026-06-10 10:53:24 - INFO - Tab created successfully: Results
2026-06-10 10:53:26 - INFO - Tab created successfully: Settings
2026-06-10 10:53:26 - INFO - Tab created successfully: Logs
2026-06-10 10:56:12 - INFO - Application closed
