[main] utils.openSim loaded via importlib: <module 'utils.openSim' from 'C:\\Git\\msk_modelling_python\\msk_modelling_python\\utils\\openSim.py'>
[GUI] Importing main_window...
2026-06-09 15:14:01 - INFO - [GUI] Importing main_window...
[GUI] Starting GUI...
2026-06-09 15:14:02 - INFO - [GUI] Starting GUI...
[main_window] Creating MainWindow...
2026-06-09 15:14:02 - INFO - Tab created successfully: Session Analysis
2026-06-09 15:14:04 - INFO - Tab created successfully: Recording
2026-06-09 15:14:05 - INFO - Tab created successfully: Video Analysis
2026-06-09 15:14:06 - INFO - Tab created successfully: Video Analysis
2026-06-09 15:14:08 - INFO - Tab created successfully: C3D Export
2026-06-09 15:14:15 - INFO - Tab created successfully: Batch C3D
2026-06-09 15:14:15 - INFO - Tab created successfully: EMG Normalization
2026-06-09 15:14:15 - INFO - Tab created successfully: Model Scaling
2026-06-09 15:14:15 - INFO - Tab created successfully: CEINMS Calibration
2026-06-09 15:14:16 - INFO - Tab created successfully: Batch
2026-06-09 15:14:17 - INFO - Tab created successfully: Results
2026-06-09 15:14:25 - INFO - Tab created successfully: Settings
2026-06-09 15:14:25 - INFO - Tab created successfully: Logs
2026-06-09 15:15:29 - INFO - Status: Analysing video… (info)
2026-06-09 15:15:44 - INFO - Status: Analysis complete (info)
2026-06-09 15:19:23 - INFO - Application closed
