[GUI] Importing main_window...
2026-06-09 00:32:28 - INFO - [GUI] Importing main_window...
[GUI] Starting GUI...
2026-06-09 00:32:29 - INFO - [GUI] Starting GUI...
[main_window] Creating MainWindow...
2026-06-09 00:32:29 - INFO - Tab created successfully: Session Analysis
2026-06-09 00:32:30 - INFO - Tab created successfully: Recording
2026-06-09 00:32:31 - INFO - Tab created successfully: C3D Export
2026-06-09 00:32:31 - INFO - Tab created successfully: Batch C3D
2026-06-09 00:32:31 - INFO - Tab created successfully: EMG Normalization
2026-06-09 00:32:31 - INFO - Tab created successfully: Model Scaling
2026-06-09 00:32:32 - INFO - Tab created successfully: CEINMS Calibration
2026-06-09 00:32:32 - INFO - Tab created successfully: Batch
2026-06-09 00:32:32 - INFO - Tab created successfully: Results
2026-06-09 00:32:33 - INFO - Tab created successfully: Settings
2026-06-09 00:32:33 - INFO - Tab created successfully: Logs
2026-06-09 00:33:05 - INFO - Auto-populated setup_dir from XML: C:\Users\Basilio\ucloud\Squat_Width\Simulations\P012d\cmj_02
2026-06-09 00:33:05 - INFO - Auto-populated model_dir from XML: C:\Users\Basilio\ucloud\Squat_Width\Models\P012d.osim
2026-06-09 00:33:05 - INFO - Auto-populated paths from first trial: cmj_02
2026-06-09 00:33:05 - INFO - Status: [OK] Session loaded: P012d (2 trials) (success)
2026-06-09 00:33:05 - INFO - Session loaded: C:/Users/Basilio/ucloud/Squat_Width/Simulations/P012d
2026-06-09 00:33:05 - INFO - Set session dir for Session Analysis: C:/Users/Basilio/ucloud/Squat_Width/Simulations/P012d
2026-06-09 00:33:05 - INFO - 
================================================================================
2026-06-09 00:33:05 - INFO - MARKER DETECTION REPORT
2026-06-09 00:33:05 - INFO - ================================================================================
2026-06-09 00:33:05 - INFO - Scanning 2 trials for labeled markers...

2026-06-09 00:33:05 - INFO - Analog frame rate (EMG): 2000.0 Hz
2026-06-09 00:33:05 - INFO - Total unique labeled markers found: 136
2026-06-09 00:33:05 - INFO - Markers: ['*41', 'CLAV', 'LAJC', 'LANK', 'LANK_m', 'LASI', 'LASI_m', 'LAnkleAngles', 'LFEMURA', 'LFEMURL', 'LFEMURO', 'LFEMURP', 'LFMH', 'LFMH_m', 'LFOOTA', 'LFOOTL', 'LFOOTO', 'LFOOTP', 'LFootProgressAngles', 'LForeFootAngles', 'LHEE', 'LHEE_m', 'LHJC', 'LHipAngles', 'LKJC', 'LKNE', 'LKNE_m', 'LKNM', 'LKneeAngles', 'LMED', 'LNeckAngles', 'LPSI', 'LPSI_m', 'LPelvisAngles', 'LSMH', 'LShoulderAngles', 'LSpineAngles', 'LTHAD', 'LTHAD_m', 'LTHAP', 'LTHAP_m', 'LTHI', 'LTHI_m', 'LTIAD', 'LTIAD_m', 'LTIAP', 'LTIAP_m', 'LTIB', 'LTIBIAA', 'LTIBIAL', 'LTIBIAO', 'LTIBIAP', 'LTIB_m', 'LTOE', 'LTOESA', 'LTOESL', 'LTOESO', 'LTOESP', 'LTOE_m', 'LThoraxAngles', 'LVMH', 'LVMH_m', 'PELVISA', 'PELVISL', 'PELVISO', 'PELVISP', 'RAJC', 'RANK', 'RANK_m', 'RASI', 'RASI_m', 'RAnkleAngles', 'RBAK', 'RFEMURA', 'RFEMURL', 'RFEMURO', 'RFEMURP', 'RFMH', 'RFMH_m', 'RFOOTA', 'RFOOTL', 'RFOOTO', 'RFOOTP', 'RFootProgressAngles', 'RForeFootAngles', 'RHEE', 'RHEE_m', 'RHJC', 'RHipAngles', 'RKJC', 'RKNE', 'RKNE_m', 'RKNM', 'RKneeAngles', 'RMED', 'RPSI', 'RPSI_m', 'RPelvisAngles', 'RSMH', 'RShoulderAngles', 'RSpineAngles', 'RTHAD', 'RTHAD_m', 'RTHAP', 'RTHAP_m', 'RTHI', 'RTHI_m', 'RTIAD', 'RTIAD_m', 'RTIAP', 'RTIAP_m', 'RTIB', 'RTIBIAA', 'RTIBIAL', 'RTIBIAO', 'RTIBIAP', 'RTIB_m', 'RTOE', 'RTOESA', 'RTOESL', 'RTOESO', 'RTOESP', 'RTOE_m', 'RThoraxAngles', 'RVMH', 'RVMH_m', 'Root48', 'Root49', 'Root50', 'Root9', 'T10', 'T2', 'THORAXA', 'THORAXL', 'THORAXO', 'THORAXP']

2026-06-09 00:33:05 - INFO -                               TRIAL MARKER SUMMARY                              
2026-06-09 00:33:05 - INFO - --------------------------------------------------------------------------------
2026-06-09 00:33:05 - WARNING - [WARN] cmj_02.c3d: Missing 94 markers
2026-06-09 00:33:05 - WARNING -         Missing: ['LAJC', 'LANK_m', 'LASI_m', 'LAnkleAngles', 'LFEMURA', 'LFEMURL', 'LFEMURO', 'LFEMURP', 'LFMH_m', 'LFOOTA', 'LFOOTL', 'LFOOTO', 'LFOOTP', 'LFootProgressAngles', 'LForeFootAngles', 'LHEE_m', 'LHJC', 'LHipAngles', 'LKJC', 'LKNE', 'LKNE_m', 'LKneeAngles', 'LNeckAngles', 'LPSI_m', 'LPelvisAngles', 'LShoulderAngles', 'LSpineAngles', 'LTHAD_m', 'LTHAP_m', 'LTHI_m', 'LTIAD_m', 'LTIAP_m', 'LTIBIAA', 'LTIBIAL', 'LTIBIAO', 'LTIBIAP', 'LTIB_m', 'LTOESA', 'LTOESL', 'LTOESO', 'LTOESP', 'LTOE_m', 'LThoraxAngles', 'LVMH_m', 'PELVISA', 'PELVISL', 'PELVISO', 'PELVISP', 'RAJC', 'RANK_m', 'RASI_m', 'RAnkleAngles', 'RFEMURA', 'RFEMURL', 'RFEMURO', 'RFEMURP', 'RFMH_m', 'RFOOTA', 'RFOOTL', 'RFOOTO', 'RFOOTP', 'RFootProgressAngles', 'RForeFootAngles', 'RHEE_m', 'RHJC', 'RHipAngles', 'RKJC', 'RKNE_m', 'RKneeAngles', 'RPSI_m', 'RPelvisAngles', 'RShoulderAngles', 'RSpineAngles', 'RTHAD_m', 'RTHAP_m', 'RTHI_m', 'RTIAD_m', 'RTIAP_m', 'RTIBIAA', 'RTIBIAL', 'RTIBIAO', 'RTIBIAP', 'RTIB_m', 'RTOESA', 'RTOESL', 'RTOESO', 'RTOESP', 'RTOE_m', 'RThoraxAngles', 'RVMH_m', 'THORAXA', 'THORAXL', 'THORAXO', 'THORAXP']
2026-06-09 00:33:05 - WARNING - [WARN] static_01.c3d: Missing 1 markers
2026-06-09 00:33:05 - WARNING -         Missing: ['*41']
2026-06-09 00:33:05 - INFO - --------------------------------------------------------------------------------

2026-06-09 00:33:05 - INFO - Marker checkboxes updated: 136 total markers available
2026-06-09 00:33:05 - INFO - Left foot markers auto-checked: ['LANK', 'LHEE', 'LTOE']
2026-06-09 00:33:05 - INFO - Right foot markers auto-checked: ['RANK', 'RHEE', 'RTOE']
2026-06-09 00:33:05 - INFO - ================================================================================

2026-06-09 00:33:05 - INFO - Updated EMG channels: 6 channels detected
2026-06-09 00:33:05 - INFO - EMG channels: ['Voltage.1', 'Voltage.Fy_left', 'Voltage.Fy_right', 'Voltage.Fz_left', 'Voltage.Fz_right', 'Voltage.not_used']
2026-06-09 00:33:05 - INFO - Set session dir for Batch C3D: C:/Users/Basilio/ucloud/Squat_Width/Simulations/P012d
2026-06-09 00:33:05 - INFO - Status: Found 2 trials with EMG data (success)
2026-06-09 00:33:05 - INFO - EMG Normalization: Session set to C:\Users\Basilio\ucloud\Squat_Width\Simulations\P012d
2026-06-09 00:33:05 - INFO - Set session dir for EMG Normalization: C:/Users/Basilio/ucloud/Squat_Width/Simulations/P012d
2026-06-09 00:33:05 - INFO - Status: Found 2 trials with data files (success)
2026-06-09 00:33:05 - INFO - Results Viewer: Session set to C:\Users\Basilio\ucloud\Squat_Width\Simulations\P012d
2026-06-09 00:33:05 - INFO - Set session dir for Results: C:/Users/Basilio/ucloud/Squat_Width/Simulations/P012d
2026-06-09 00:33:58 - INFO - Status: Analysis running... (info)
2026-06-09 00:33:58 - INFO - Status: Analyzing cmj_02... (info)
2026-06-09 00:33:58 - INFO - Analysis prepared for: C:\Users\Basilio\ucloud\Squat_Width\Simulations\P012d\cmj_02
2026-06-09 00:34:44 - INFO - Analysis step inverse_kinematics completed successfully
2026-06-09 00:34:54 - INFO - Analysis step inverse_dynamics completed successfully
2026-06-09 00:41:12 - INFO - Analysis step static_optimization completed successfully
2026-06-09 00:41:12 - INFO - Status: [OK] cmj_02 completed (success)
2026-06-09 00:41:12 - INFO - Status: [OK] Session complete - All 1 trials analyzed (success)
2026-06-09 00:45:48 - INFO - Status: Analysis running... (info)
2026-06-09 00:45:48 - INFO - Status: Analyzing cmj_02... (info)
2026-06-09 00:45:48 - INFO - Analysis prepared for: C:\Users\Basilio\ucloud\Squat_Width\Simulations\P012d\cmj_02
2026-06-09 00:45:49 - ERROR - Error in joint_reaction_analysis: Analyse.run_jra() got an unexpected keyword argument 'analysis_type'
2026-06-09 00:45:49 - ERROR - Traceback (most recent call last):
  File "C:\Git\msk_modelling_python\msk_modelling_python\core\analysis_runner.py", line 216, in run_step
    method_map[step](step_config)
    ~~~~~~~~~~~~~~~~^^^^^^^^^^^^^
  File "C:\Git\msk_modelling_python\msk_modelling_python\core\analysis_runner.py", line 313, in _run_joint_reaction_analysis
    self.analysis_obj.run_jra(analysis_type='JointReaction')
    ~~~~~~~~~~~~~~~~~~~~~~~~~^^^^^^^^^^^^^^^^^^^^^^^^^^^^^^^
TypeError: Analyse.run_jra() got an unexpected keyword argument 'analysis_type'

2026-06-09 00:45:49 - INFO - Status: [FAIL] cmj_02 failed: Error in joint_reaction_analysis: Analyse.run_jra() got an unexpected keyword argument 'analysis_type' (error)
2026-06-09 00:45:49 - INFO - Status: [WARN] Session complete (0/1 successful) (warning)
2026-06-09 00:46:51 - INFO - Application closed
