[main] utils.openSim loaded via importlib: <module 'utils.openSim' from 'C:\\Git\\msk_modelling_python\\msk_modelling_python\\utils\\openSim.py'>
[GUI] Importing main_window...
2026-06-09 22:51:46 - INFO - [GUI] Importing main_window...
[main_window] VideoAnalysisTab unavailable: unexpected indent (video_analysis.py, line 1744)
Traceback (most recent call last):
  File "C:\Git\msk_modelling_python\msk_modelling_python\gui\main_window.py", line 68, in <module>
    from gui.widgets.video_analysis import VideoAnalysisTab as _VideoAnalysisTab
  File "C:\Git\msk_modelling_python\msk_modelling_python\gui\widgets\video_analysis.py", line 1744
    anchor="w").pack(side="left", fill="x", expand=True)
IndentationError: unexpected indent
[GUI] Starting GUI...
2026-06-09 22:51:47 - INFO - [GUI] Starting GUI...
[main_window] Creating MainWindow...
2026-06-09 22:51:48 - INFO - Tab created successfully: Session Analysis
2026-06-09 22:51:49 - INFO - Tab created successfully: Recording
2026-06-09 22:51:50 - INFO - Tab created successfully: C3D Export
2026-06-09 22:51:50 - INFO - Tab created successfully: Batch C3D
2026-06-09 22:51:50 - INFO - Tab created successfully: EMG Normalization
2026-06-09 22:51:50 - INFO - Tab created successfully: Model Scaling
2026-06-09 22:51:51 - INFO - Tab created successfully: CEINMS Calibration
2026-06-09 22:51:51 - INFO - Tab created successfully: Batch
2026-06-09 22:51:51 - INFO - Tab created successfully: Results
2026-06-09 22:51:51 - INFO - Tab created successfully: Settings
2026-06-09 22:51:51 - INFO - Tab created successfully: Logs
2026-06-09 22:52:17 - INFO - Application closed
