[main] utils.openSim loaded via importlib: <module 'utils.openSim' from 'C:\\Git\\msk_modelling_python\\msk_modelling_python\\utils\\openSim.py'>
[GUI] Importing main_window...
2026-06-09 14:26:48 - INFO - [GUI] Importing main_window...
[GUI] Starting GUI...
2026-06-09 14:26:49 - INFO - [GUI] Starting GUI...
[main_window] Creating MainWindow...
2026-06-09 14:26:50 - INFO - Tab created successfully: Session Analysis
2026-06-09 14:26:51 - INFO - Tab created successfully: Recording
2026-06-09 14:26:51 - INFO - Tab created successfully: Video Analysis
2026-06-09 14:26:52 - INFO - Tab created successfully: C3D Export
2026-06-09 14:26:52 - INFO - Tab created successfully: Batch C3D
2026-06-09 14:26:53 - INFO - Tab created successfully: EMG Normalization
2026-06-09 14:26:53 - INFO - Tab created successfully: Model Scaling
2026-06-09 14:26:53 - INFO - Tab created successfully: CEINMS Calibration
2026-06-09 14:26:53 - INFO - Tab created successfully: Batch
2026-06-09 14:26:53 - INFO - Tab created successfully: Results
2026-06-09 14:26:55 - INFO - Tab created successfully: Settings
2026-06-09 14:26:55 - INFO - Tab created successfully: Logs
2026-06-09 14:27:17 - INFO - Status: Analysing video… (info)
2026-06-09 14:27:58 - INFO - Status: Analysis complete (info)
2026-06-09 14:29:01 - INFO - Application closed
