[main] utils.openSim loaded via importlib: <module 'utils.openSim' from 'C:\\Git\\msk_modelling_python\\msk_modelling_python\\utils\\openSim.py'>
[GUI] Importing main_window...
2026-06-09 23:05:06 - INFO - [GUI] Importing main_window...
[main_window] VideoAnalysisTab unavailable: unexpected indent (video_analysis.py, line 1744)
Traceback (most recent call last):
  File "C:\Git\msk_modelling_python\msk_modelling_python\gui\main_window.py", line 68, in <module>
    from gui.widgets.video_analysis import VideoAnalysisTab as _VideoAnalysisTab
  File "C:\Git\msk_modelling_python\msk_modelling_python\gui\widgets\video_analysis.py", line 1744
    anchor="w").pack(side="left", fill="x", expand=True)
IndentationError: unexpected indent
[GUI] Starting GUI...
2026-06-09 23:05:07 - INFO - [GUI] Starting GUI...
[main_window] Creating MainWindow...
2026-06-09 23:05:07 - INFO - Tab created successfully: Session Analysis
2026-06-09 23:05:09 - INFO - Tab created successfully: Recording
2026-06-09 23:05:09 - INFO - Tab created successfully: C3D Export
2026-06-09 23:05:10 - INFO - Tab created successfully: Batch C3D
2026-06-09 23:05:10 - INFO - Tab created successfully: EMG Normalization
2026-06-09 23:05:10 - INFO - Tab created successfully: Model Scaling
2026-06-09 23:05:10 - INFO - Tab created successfully: CEINMS Calibration
2026-06-09 23:05:10 - INFO - Tab created successfully: Batch
2026-06-09 23:05:10 - INFO - Tab created successfully: Results
2026-06-09 23:05:11 - INFO - Tab created successfully: Settings
2026-06-09 23:05:11 - INFO - Tab created successfully: Logs
2026-06-09 23:05:41 - ERROR - [GUI] Crashed (KeyboardInterrupt): 
2026-06-09 23:05:41 - ERROR - Traceback (most recent call last):
  File "C:\Git\msk_modelling_python\msk_modelling_python\__main__.py", line 316, in run_gui_mode
    gui_main()
    ~~~~~~~~^^
  File "C:\Git\msk_modelling_python\msk_modelling_python\gui\main_window.py", line 618, in main
    app.run()
    ~~~~~~~^^
  File "C:\Git\msk_modelling_python\msk_modelling_python\gui\main_window.py", line 591, in run
    self.mainloop()
    ~~~~~~~~~~~~~^^
  File "C:\Users\Basilio\miniconda3\envs\msk311b\Lib\site-packages\customtkinter\windows\ctk_tk.py", line 165, in mainloop
    super().mainloop(*args, **kwargs)
    ~~~~~~~~~~~~~~~~^^^^^^^^^^^^^^^^^
  File "C:\Users\Basilio\miniconda3\envs\msk311b\Lib\tkinter\__init__.py", line 1599, in mainloop
    self.tk.mainloop(n)
    ~~~~~~~~~~~~~~~~^^^
  File "C:\Users\Basilio\miniconda3\envs\msk311b\Lib\tkinter\__init__.py", line 2074, in __call__
    def __call__(self, *args):
    
KeyboardInterrupt

