[main] utils.openSim loaded via importlib: <module 'utils.openSim' from 'C:\\Git\\msk_modelling_python\\msk_modelling_python\\utils\\openSim.py'>
[GUI] Importing main_window...
2026-06-09 12:34:39 - INFO - [GUI] Importing main_window...
[GUI] Starting GUI...
2026-06-09 12:34:40 - INFO - [GUI] Starting GUI...
[main_window] Creating MainWindow...
2026-06-09 12:34:40 - INFO - Tab created successfully: Session Analysis
2026-06-09 12:34:41 - INFO - Tab created successfully: Recording
2026-06-09 12:34:42 - INFO - Tab created successfully: Video Analysis
2026-06-09 12:34:43 - INFO - Tab created successfully: C3D Export
2026-06-09 12:34:43 - INFO - Tab created successfully: Batch C3D
2026-06-09 12:34:43 - INFO - Tab created successfully: EMG Normalization
2026-06-09 12:34:43 - INFO - Tab created successfully: Model Scaling
2026-06-09 12:34:43 - INFO - Tab created successfully: CEINMS Calibration
2026-06-09 12:34:43 - INFO - Tab created successfully: Batch
2026-06-09 12:34:44 - INFO - Tab created successfully: Results
2026-06-09 12:34:45 - INFO - Tab created successfully: Settings
2026-06-09 12:34:45 - INFO - Tab created successfully: Logs
2026-06-09 12:40:11 - INFO - Status: Starting video recording... (info)
2026-06-09 12:40:11 - INFO - Status: Recording video... (info)
2026-06-09 12:40:27 - INFO - Status: Starting video recording... (info)
2026-06-09 12:40:27 - INFO - Status: Recording video... (info)
2026-06-09 12:40:28 - INFO - Status: Analyzing video for joint angles... (info)
2026-06-09 12:40:32 - INFO - Status: Starting video recording... (info)
2026-06-09 12:40:33 - INFO - Status: Recording video... (info)
2026-06-09 12:40:33 - INFO - Status: Analyzing video for joint angles... (info)
2026-06-09 12:40:34 - INFO - Status: Starting video recording... (info)
2026-06-09 12:40:34 - INFO - Status: Recording video... (info)
2026-06-09 12:40:34 - INFO - Status: Starting video recording... (info)
2026-06-09 12:40:34 - INFO - Status: Recording video... (info)
2026-06-09 12:40:34 - INFO - Status: Starting video recording... (info)
2026-06-09 12:40:34 - INFO - Status: Starting video recording... (info)
2026-06-09 12:40:34 - INFO - Status: Recording video... (info)
2026-06-09 12:40:34 - INFO - Status: Recording video... (info)
2026-06-09 12:40:34 - INFO - Status: Starting video recording... (info)
2026-06-09 12:40:35 - INFO - Status: Recording video... (info)
2026-06-09 12:40:35 - INFO - Status: Starting video recording... (info)
2026-06-09 12:40:35 - INFO - Status: Recording video... (info)
2026-06-09 12:40:35 - INFO - Status: Starting video recording... (info)
2026-06-09 12:40:35 - INFO - Status: Recording video... (info)
2026-06-09 12:40:38 - INFO - Application closed
