[main] utils.openSim loaded via importlib: <module 'utils.openSim' from 'C:\\Git\\msk_modelling_python\\msk_modelling_python\\utils\\openSim.py'>
[GUI] Importing main_window...
2026-06-09 15:51:08 - INFO - [GUI] Importing main_window...
[GUI] Starting GUI...
2026-06-09 15:51:08 - INFO - [GUI] Starting GUI...
[main_window] Creating MainWindow...
2026-06-09 15:51:09 - INFO - Tab created successfully: Session Analysis
2026-06-09 15:51:11 - INFO - Tab created successfully: Recording
2026-06-09 15:51:12 - INFO - Tab created successfully: Video Analysis
2026-06-09 15:51:15 - INFO - Tab created successfully: Video Analysis
2026-06-09 15:51:24 - INFO - Tab created successfully: C3D Export
2026-06-09 15:51:25 - INFO - Tab created successfully: Batch C3D
2026-06-09 15:51:26 - INFO - Tab created successfully: EMG Normalization
2026-06-09 15:51:26 - INFO - Tab created successfully: Model Scaling
2026-06-09 15:51:27 - INFO - Tab created successfully: CEINMS Calibration
2026-06-09 15:51:27 - INFO - Tab created successfully: Batch
2026-06-09 15:51:27 - INFO - Tab created successfully: Results
2026-06-09 15:51:32 - INFO - Tab created successfully: Settings
2026-06-09 15:51:34 - INFO - Tab created successfully: Logs
2026-06-09 15:51:35 - INFO - Status: Analysing video… (info)
2026-06-09 15:51:51 - INFO - Status: Analysis complete (info)
2026-06-09 16:01:06 - INFO - Application closed
