[main] utils.openSim loaded via importlib: <module 'utils.openSim' from 'C:\\Git\\msk_modelling_python\\msk_modelling_python\\utils\\openSim.py'>
[GUI] Importing main_window...
2026-06-10 09:23:52 - INFO - [GUI] Importing main_window...
[GUI] Starting GUI...
2026-06-10 09:23:52 - INFO - [GUI] Starting GUI...
[main_window] Creating MainWindow...
2026-06-10 09:23:52 - INFO - Tab created successfully: Session Analysis
2026-06-10 09:23:53 - INFO - Tab created successfully: Recording
2026-06-10 09:23:54 - WARNING - CustomTkinter initialization issue for Video Analysis, retrying...
2026-06-10 09:23:54 - WARNING - CustomTkinter initialization issue for Video Analysis, retrying...
2026-06-10 09:23:55 - WARNING - CustomTkinter initialization issue for Video Analysis, retrying...
2026-06-10 09:23:55 - WARNING - CustomTkinter initialization issue for Video Analysis, retrying...
2026-06-10 09:23:55 - WARNING - CustomTkinter initialization issue for Video Analysis, retrying...
2026-06-10 09:23:55 - WARNING - CustomTkinter initialization issue for Video Analysis, retrying...
2026-06-10 09:23:56 - WARNING - CustomTkinter initialization issue for Video Analysis, retrying...
2026-06-10 09:23:56 - WARNING - CustomTkinter initialization issue for Video Analysis, retrying...
2026-06-10 09:23:56 - WARNING - CustomTkinter initialization issue for Video Analysis, retrying...
2026-06-10 09:23:56 - WARNING - CustomTkinter initialization issue for Video Analysis, retrying...
2026-06-10 09:23:56 - WARNING - CustomTkinter initialization issue for Video Analysis, retrying...
2026-06-10 09:23:57 - WARNING - CustomTkinter initialization issue for Video Analysis, retrying...
2026-06-10 09:23:57 - WARNING - CustomTkinter initialization issue for Video Analysis, retrying...
2026-06-10 09:23:57 - WARNING - CustomTkinter initialization issue for Video Analysis, retrying...
2026-06-10 09:23:58 - WARNING - CustomTkinter initialization issue for Video Analysis, retrying...
2026-06-10 09:23:58 - WARNING - CustomTkinter initialization issue for Video Analysis, retrying...
2026-06-10 09:23:58 - WARNING - CustomTkinter initialization issue for Video Analysis, retrying...
2026-06-10 09:23:58 - WARNING - CustomTkinter initialization issue for Video Analysis, retrying...
2026-06-10 09:23:59 - WARNING - CustomTkinter initialization issue for Video Analysis, retrying...
2026-06-10 09:23:59 - WARNING - CustomTkinter initialization issue for Video Analysis, retrying...
2026-06-10 09:23:59 - WARNING - CustomTkinter initialization issue for Video Analysis, retrying...
2026-06-10 09:23:59 - WARNING - CustomTkinter initialization issue for Video Analysis, retrying...
2026-06-10 09:24:00 - WARNING - CustomTkinter initialization issue for Video Analysis, retrying...
2026-06-10 09:24:00 - WARNING - CustomTkinter initialization issue for Video Analysis, retrying...
2026-06-10 09:24:00 - WARNING - CustomTkinter initialization issue for Video Analysis, retrying...
2026-06-10 09:24:00 - WARNING - CustomTkinter initialization issue for Video Analysis, retrying...
2026-06-10 09:24:01 - WARNING - CustomTkinter initialization issue for Video Analysis, retrying...
2026-06-10 09:24:01 - WARNING - CustomTkinter initialization issue for Video Analysis, retrying...
2026-06-10 09:24:01 - WARNING - CustomTkinter initialization issue for Video Analysis, retrying...
2026-06-10 09:24:01 - WARNING - CustomTkinter initialization issue for Video Analysis, retrying...
2026-06-10 09:24:01 - WARNING - CustomTkinter initialization issue for Video Analysis, retrying...
2026-06-10 09:24:02 - WARNING - CustomTkinter initialization issue for Video Analysis, retrying...
2026-06-10 09:24:02 - WARNING - CustomTkinter initialization issue for Video Analysis, retrying...
2026-06-10 09:24:02 - WARNING - CustomTkinter initialization issue for Video Analysis, retrying...
2026-06-10 09:24:02 - WARNING - CustomTkinter initialization issue for Video Analysis, retrying...
2026-06-10 09:24:02 - WARNING - CustomTkinter initialization issue for Video Analysis, retrying...
2026-06-10 09:24:03 - WARNING - CustomTkinter initialization issue for Video Analysis, retrying...
2026-06-10 09:24:03 - WARNING - CustomTkinter initialization issue for Video Analysis, retrying...
2026-06-10 09:24:03 - WARNING - CustomTkinter initialization issue for Video Analysis, retrying...
2026-06-10 09:24:03 - WARNING - CustomTkinter initialization issue for Video Analysis, retrying...
2026-06-10 09:24:04 - WARNING - CustomTkinter initialization issue for Video Analysis, retrying...
2026-06-10 09:24:04 - WARNING - CustomTkinter initialization issue for Video Analysis, retrying...
2026-06-10 09:24:04 - WARNING - CustomTkinter initialization issue for Video Analysis, retrying...
2026-06-10 09:24:05 - WARNING - CustomTkinter initialization issue for Video Analysis, retrying...
2026-06-10 09:24:05 - WARNING - CustomTkinter initialization issue for Video Analysis, retrying...
2026-06-10 09:24:05 - WARNING - CustomTkinter initialization issue for Video Analysis, retrying...
2026-06-10 09:24:06 - WARNING - CustomTkinter initialization issue for Video Analysis, retrying...
2026-06-10 09:24:06 - WARNING - CustomTkinter initialization issue for Video Analysis, retrying...
2026-06-10 09:24:06 - WARNING - CustomTkinter initialization issue for Video Analysis, retrying...
2026-06-10 09:24:06 - WARNING - CustomTkinter initialization issue for Video Analysis, retrying...
2026-06-10 09:24:07 - WARNING - CustomTkinter initialization issue for Video Analysis, retrying...
2026-06-10 09:24:07 - WARNING - CustomTkinter initialization issue for Video Analysis, retrying...
2026-06-10 09:24:07 - WARNING - CustomTkinter initialization issue for Video Analysis, retrying...
2026-06-10 09:24:08 - WARNING - CustomTkinter initialization issue for Video Analysis, retrying...
2026-06-10 09:24:08 - WARNING - CustomTkinter initialization issue for Video Analysis, retrying...
2026-06-10 09:24:08 - WARNING - CustomTkinter initialization issue for Video Analysis, retrying...
2026-06-10 09:24:09 - WARNING - CustomTkinter initialization issue for Video Analysis, retrying...
2026-06-10 09:24:09 - WARNING - CustomTkinter initialization issue for Video Analysis, retrying...
2026-06-10 09:24:10 - WARNING - CustomTkinter initialization issue for Video Analysis, retrying...
2026-06-10 09:24:10 - WARNING - CustomTkinter initialization issue for Video Analysis, retrying...
2026-06-10 09:24:10 - WARNING - CustomTkinter initialization issue for Video Analysis, retrying...
2026-06-10 09:24:10 - WARNING - CustomTkinter initialization issue for Video Analysis, retrying...
2026-06-10 09:24:11 - WARNING - CustomTkinter initialization issue for Video Analysis, retrying...
2026-06-10 09:24:11 - WARNING - CustomTkinter initialization issue for Video Analysis, retrying...
2026-06-10 09:24:12 - WARNING - CustomTkinter initialization issue for Video Analysis, retrying...
2026-06-10 09:24:12 - WARNING - CustomTkinter initialization issue for Video Analysis, retrying...
2026-06-10 09:24:13 - WARNING - CustomTkinter initialization issue for Video Analysis, retrying...
2026-06-10 09:24:13 - WARNING - CustomTkinter initialization issue for Video Analysis, retrying...
2026-06-10 09:24:13 - WARNING - CustomTkinter initialization issue for Video Analysis, retrying...
2026-06-10 09:24:14 - WARNING - CustomTkinter initialization issue for Video Analysis, retrying...
2026-06-10 09:24:14 - WARNING - CustomTkinter initialization issue for Video Analysis, retrying...
2026-06-10 09:24:15 - WARNING - CustomTkinter initialization issue for Video Analysis, retrying...
2026-06-10 09:24:18 - ERROR - [GUI] Crashed (KeyboardInterrupt): 
2026-06-10 09:24:18 - ERROR - Traceback (most recent call last):
  File "C:\Git\msk_modelling_python\msk_modelling_python\__main__.py", line 316, in run_gui_mode
    gui_main()
    ~~~~~~~~^^
  File "C:\Git\msk_modelling_python\msk_modelling_python\gui\main_window.py", line 618, in main
    app.run()
    ~~~~~~~^^
  File "C:\Git\msk_modelling_python\msk_modelling_python\gui\main_window.py", line 591, in run
    self.mainloop()
    ~~~~~~~~~~~~~^^
  File "C:\Users\Basilio\miniconda3\envs\msk311b\Lib\site-packages\customtkinter\windows\ctk_tk.py", line 165, in mainloop
    super().mainloop(*args, **kwargs)
    ~~~~~~~~~~~~~~~~^^^^^^^^^^^^^^^^^
  File "C:\Users\Basilio\miniconda3\envs\msk311b\Lib\tkinter\__init__.py", line 1599, in mainloop
    self.tk.mainloop(n)
    ~~~~~~~~~~~~~~~~^^^
  File "C:\Users\Basilio\miniconda3\envs\msk311b\Lib\tkinter\__init__.py", line 2074, in __call__
    def __call__(self, *args):
    
KeyboardInterrupt

