[main] utils.openSim loaded via importlib: <module 'utils.openSim' from 'C:\\Git\\msk_modelling_python\\msk_modelling_python\\utils\\openSim.py'>
[GUI] Importing main_window...
2026-06-09 15:21:21 - INFO - [GUI] Importing main_window...
[GUI] Starting GUI...
2026-06-09 15:21:21 - INFO - [GUI] Starting GUI...
[main_window] Creating MainWindow...
2026-06-09 15:21:22 - INFO - Tab created successfully: Session Analysis
2026-06-09 15:21:23 - INFO - Tab created successfully: Recording
2026-06-09 15:21:24 - INFO - Tab created successfully: Video Analysis
2026-06-09 15:21:24 - INFO - Tab created successfully: Video Analysis
2026-06-09 15:21:26 - INFO - Tab created successfully: C3D Export
2026-06-09 15:21:32 - INFO - Tab created successfully: Batch C3D
2026-06-09 15:21:33 - INFO - Tab created successfully: EMG Normalization
2026-06-09 15:21:33 - INFO - Tab created successfully: Model Scaling
2026-06-09 15:21:33 - INFO - Tab created successfully: CEINMS Calibration
2026-06-09 15:21:33 - INFO - Tab created successfully: Batch
2026-06-09 15:21:33 - INFO - Tab created successfully: Results
2026-06-09 15:21:34 - INFO - Tab created successfully: Settings
2026-06-09 15:21:34 - INFO - Tab created successfully: Logs
2026-06-09 15:22:35 - INFO - Status: Analysing video… (info)
2026-06-09 15:22:45 - INFO - Status: Analysis complete (info)
2026-06-09 15:26:36 - INFO - Application closed
