[main] utils.openSim loaded via importlib: <module 'utils.openSim' from 'C:\\Git\\msk_modelling_python\\msk_modelling_python\\utils\\openSim.py'>
[GUI] Importing main_window...
2026-06-09 15:45:31 - INFO - [GUI] Importing main_window...
[GUI] Starting GUI...
2026-06-09 15:45:32 - INFO - [GUI] Starting GUI...
[main_window] Creating MainWindow...
2026-06-09 15:45:32 - INFO - Tab created successfully: Session Analysis
2026-06-09 15:45:35 - INFO - Tab created successfully: Recording
2026-06-09 15:45:37 - INFO - Tab created successfully: Video Analysis
2026-06-09 15:45:39 - INFO - Tab created successfully: C3D Export
2026-06-09 15:45:39 - INFO - Tab created successfully: Batch C3D
2026-06-09 15:45:40 - INFO - Tab created successfully: EMG Normalization
2026-06-09 15:45:40 - INFO - Tab created successfully: Model Scaling
2026-06-09 15:45:41 - INFO - Tab created successfully: CEINMS Calibration
2026-06-09 15:45:41 - INFO - Tab created successfully: Batch
2026-06-09 15:45:41 - INFO - Tab created successfully: Results
2026-06-09 15:45:44 - INFO - Tab created successfully: Settings
2026-06-09 15:45:45 - INFO - Tab created successfully: Logs
2026-06-09 15:46:00 - INFO - Status: Analysing video… (info)
2026-06-09 15:46:17 - INFO - Status: Analysis complete (info)
2026-06-09 15:47:22 - INFO - Application closed
