[main] utils.openSim loaded via importlib: <module 'utils.openSim' from 'C:\\Git\\msk_modelling_python\\msk_modelling_python\\utils\\openSim.py'>
[GUI] Importing main_window...
2026-06-09 14:56:21 - INFO - [GUI] Importing main_window...
[GUI] Starting GUI...
2026-06-09 14:56:21 - INFO - [GUI] Starting GUI...
[main_window] Creating MainWindow...
2026-06-09 14:56:22 - INFO - Tab created successfully: Session Analysis
2026-06-09 14:56:24 - INFO - Tab created successfully: Recording
2026-06-09 14:56:25 - INFO - Tab created successfully: Video Analysis
2026-06-09 14:56:26 - INFO - Tab created successfully: Video Analysis
2026-06-09 14:56:35 - INFO - Tab created successfully: C3D Export
2026-06-09 14:56:36 - INFO - Tab created successfully: Batch C3D
2026-06-09 14:56:36 - INFO - Tab created successfully: EMG Normalization
2026-06-09 14:56:36 - INFO - Tab created successfully: Model Scaling
2026-06-09 14:56:36 - INFO - Tab created successfully: CEINMS Calibration
2026-06-09 14:56:37 - INFO - Tab created successfully: Batch
2026-06-09 14:56:37 - INFO - Tab created successfully: Results
2026-06-09 14:56:39 - INFO - Tab created successfully: Settings
2026-06-09 14:56:41 - INFO - Tab created successfully: Logs
2026-06-09 14:57:02 - INFO - Application closed
