[main] utils.openSim loaded via importlib: <module 'utils.openSim' from 'C:\\Git\\msk_modelling_python\\msk_modelling_python\\utils\\openSim.py'>
[GUI] Importing main_window...
2026-06-09 18:35:38 - INFO - [GUI] Importing main_window...
[GUI] Starting GUI...
2026-06-09 18:35:39 - INFO - [GUI] Starting GUI...
[main_window] Creating MainWindow...
2026-06-09 18:35:39 - INFO - Tab created successfully: Session Analysis
2026-06-09 18:35:40 - INFO - Tab created successfully: Recording
2026-06-09 18:35:41 - INFO - Tab created successfully: Video Analysis
2026-06-09 18:35:41 - INFO - Tab created successfully: C3D Export
2026-06-09 18:35:42 - INFO - Tab created successfully: Batch C3D
2026-06-09 18:35:42 - INFO - Tab created successfully: EMG Normalization
2026-06-09 18:35:42 - INFO - Tab created successfully: Model Scaling
2026-06-09 18:35:42 - INFO - Tab created successfully: CEINMS Calibration
2026-06-09 18:35:42 - INFO - Tab created successfully: Batch
2026-06-09 18:35:42 - INFO - Tab created successfully: Results
2026-06-09 18:35:43 - INFO - Tab created successfully: Settings
2026-06-09 18:35:43 - INFO - Tab created successfully: Logs
2026-06-09 18:37:30 - INFO - Status: Analysing video… (info)
2026-06-09 18:37:36 - INFO - Status: Analysis complete (info)
2026-06-09 19:20:41 - INFO - Application closed
