[main] utils.openSim loaded via importlib: <module 'utils.openSim' from 'C:\\Git\\msk_modelling_python\\msk_modelling_python\\utils\\openSim.py'>
[GUI] Importing main_window...
2026-06-09 17:53:42 - INFO - [GUI] Importing main_window...
[GUI] Starting GUI...
2026-06-09 17:53:43 - INFO - [GUI] Starting GUI...
[main_window] Creating MainWindow...
2026-06-09 17:53:43 - INFO - Tab created successfully: Session Analysis
2026-06-09 17:53:44 - INFO - Tab created successfully: Recording
2026-06-09 17:53:45 - INFO - Tab created successfully: Video Analysis
2026-06-09 17:53:45 - INFO - Tab created successfully: Video Analysis
2026-06-09 17:53:46 - INFO - Tab created successfully: C3D Export
2026-06-09 17:53:46 - INFO - Tab created successfully: Batch C3D
2026-06-09 17:53:46 - INFO - Tab created successfully: EMG Normalization
2026-06-09 17:53:46 - INFO - Tab created successfully: Model Scaling
2026-06-09 17:53:46 - INFO - Tab created successfully: CEINMS Calibration
2026-06-09 17:53:47 - INFO - Tab created successfully: Batch
2026-06-09 17:53:47 - INFO - Tab created successfully: Results
2026-06-09 17:53:47 - INFO - Tab created successfully: Settings
2026-06-09 17:53:47 - INFO - Tab created successfully: Logs
2026-06-09 17:54:39 - INFO - Status: Analysing video… (info)
2026-06-09 17:54:45 - INFO - Status: Analysis complete (info)
2026-06-09 17:54:56 - INFO - Application closed
