2026-06-09 01:03:20 - batch_20260609_010320 - INFO - ======================================================================
2026-06-09 01:03:20 - batch_20260609_010320 - INFO - Biomechanical Analysis - Batch Processing
2026-06-09 01:03:20 - batch_20260609_010320 - INFO - Session folder : C:\Users\Basilio\ucloud\Squat_Width\Simulations\P012d
2026-06-09 01:03:20 - batch_20260609_010320 - INFO - ======================================================================
2026-06-09 01:03:20 - batch_20260609_010320 - INFO - Found 2 C3D file(s)
2026-06-09 01:03:20 - batch_20260609_010320 - INFO - ======================================================================
2026-06-09 01:03:20 - batch_20260609_010320 - INFO - C3D EXPORT  (all trials)
2026-06-09 01:03:20 - batch_20260609_010320 - INFO - ======================================================================
2026-06-09 01:03:20 - batch_20260609_010320 - INFO -   cmj_02
2026-06-09 01:03:20 - batch_20260609_010320 - INFO -     C3D export...
2026-06-09 01:03:22 - batch_20260609_010320 - INFO -     [OK] C3D export
2026-06-09 01:03:22 - batch_20260609_010320 - INFO -     EMG filter...
2026-06-09 01:03:22 - batch_20260609_010320 - INFO -     [OK] EMG filter
2026-06-09 01:03:22 - batch_20260609_010320 - INFO -   static_01
2026-06-09 01:03:22 - batch_20260609_010320 - INFO -     C3D export...
2026-06-09 01:03:23 - batch_20260609_010320 - INFO -     [OK] C3D export
2026-06-09 01:03:23 - batch_20260609_010320 - INFO - ----------------------------------------------------------------------
2026-06-09 01:03:23 - batch_20260609_010320 - INFO - MODEL SCALING
2026-06-09 01:03:23 - batch_20260609_010320 - INFO - ----------------------------------------------------------------------
2026-06-09 01:03:23 - batch_20260609_010320 - INFO - [OK] Scaled model: C:\Users\Basilio\ucloud\Squat_Width\Models\P012d.osim
2026-06-09 01:03:23 - batch_20260609_010320 - INFO - ======================================================================
2026-06-09 01:03:23 - batch_20260609_010320 - INFO - PER-TRIAL ANALYSIS
2026-06-09 01:03:23 - batch_20260609_010320 - INFO - ======================================================================
2026-06-09 01:03:23 - batch_20260609_010320 - INFO - ----------------------------------------------------------------------
2026-06-09 01:03:23 - batch_20260609_010320 - INFO - Trial: cmj_02
2026-06-09 01:03:23 - batch_20260609_010320 - INFO - ----------------------------------------------------------------------
2026-06-09 01:03:23 - batch_20260609_010320 - INFO -     Inverse Kinematics...
2026-06-09 01:03:23 - batch_20260609_010320 - ERROR -     [ERROR] Inverse Kinematics: 'NoneType' object has no attribute 'create_setup_IK'
2026-06-09 01:03:23 - batch_20260609_010320 - INFO -     Inverse Dynamics...
2026-06-09 01:03:23 - batch_20260609_010320 - ERROR -     [ERROR] Inverse Dynamics: 'NoneType' object has no attribute 'run_id'
2026-06-09 01:03:23 - batch_20260609_010320 - INFO -     Static Optimization...
2026-06-09 01:03:23 - batch_20260609_010320 - ERROR -     [ERROR] Static Optimization: 'NoneType' object has no attribute 'run_so'
2026-06-09 01:03:23 - batch_20260609_010320 - INFO -     Muscle Analysis...
2026-06-09 01:03:23 - batch_20260609_010320 - ERROR -     [ERROR] Muscle Analysis: 'NoneType' object has no attribute 'run_ma'
2026-06-09 01:03:23 - batch_20260609_010320 - INFO - ----------------------------------------------------------------------
2026-06-09 01:03:23 - batch_20260609_010320 - INFO - Trial: static_01
2026-06-09 01:03:23 - batch_20260609_010320 - INFO - ----------------------------------------------------------------------
2026-06-09 01:03:23 - batch_20260609_010320 - INFO -   Skipping (in trials_to_skip)
2026-06-09 01:03:23 - batch_20260609_010320 - INFO - Session EMG amplitude normalisation (session-max scaling)...
2026-06-09 01:03:23 - batch_20260609_010320 - INFO - [OK] EMG normalised across session
2026-06-09 01:03:23 - batch_20260609_010320 - INFO - Building CEINMS input data (post-EMG normalisation)...
2026-06-09 01:03:23 - batch_20260609_010320 - INFO -     CEINMS input data...
2026-06-09 01:03:24 - batch_20260609_010320 - INFO -     [OK] CEINMS input data
2026-06-09 01:03:24 - batch_20260609_010320 - INFO - ======================================================================
2026-06-09 01:03:24 - batch_20260609_010320 - INFO - CEINMS EXECUTION  (per-trial)
2026-06-09 01:03:24 - batch_20260609_010320 - INFO - ======================================================================
2026-06-09 01:03:24 - batch_20260609_010320 - INFO -     CEINMS Execution...
2026-06-09 01:03:24 - batch_20260609_010320 - INFO -     [OK] CEINMS Execution
2026-06-09 01:03:24 - batch_20260609_010320 - INFO -     Skipping static_01 (in trials_to_skip)
2026-06-09 01:03:24 - batch_20260609_010320 - INFO - ======================================================================
2026-06-09 01:03:24 - batch_20260609_010320 - INFO - [OK] PIPELINE COMPLETED
2026-06-09 01:03:24 - batch_20260609_010320 - INFO - ======================================================================
2026-06-09 01:03:24 - batch_20260609_010320 - INFO - Batch processing finished.
