2026-06-09 09:48:01 - batch_20260609_094801 - INFO - ======================================================================
2026-06-09 09:48:01 - batch_20260609_094801 - INFO - Biomechanical Analysis - Batch Processing
2026-06-09 09:48:01 - batch_20260609_094801 - INFO - Session folder : C:\Users\Basilio\ucloud\Squat_Width\Simulations\P05
2026-06-09 09:48:01 - batch_20260609_094801 - INFO - ======================================================================
2026-06-09 09:48:01 - batch_20260609_094801 - INFO - Found 16 C3D file(s)
2026-06-09 09:48:01 - batch_20260609_094801 - INFO - ======================================================================
2026-06-09 09:48:01 - batch_20260609_094801 - INFO - C3D EXPORT  (all trials)
2026-06-09 09:48:01 - batch_20260609_094801 - INFO - ======================================================================
2026-06-09 09:48:01 - batch_20260609_094801 - INFO -   sq150_bw_01
2026-06-09 09:48:01 - batch_20260609_094801 - INFO -     C3D export...
2026-06-09 09:48:04 - batch_20260609_094801 - INFO -     [OK] C3D export
2026-06-09 09:48:04 - batch_20260609_094801 - INFO -     EMG filter...
2026-06-09 09:48:05 - batch_20260609_094801 - INFO -     [OK] EMG filter
2026-06-09 09:48:05 - batch_20260609_094801 - INFO -   sq150_bw_02
2026-06-09 09:48:05 - batch_20260609_094801 - INFO -     C3D export...
2026-06-09 09:48:09 - batch_20260609_094801 - INFO -     [OK] C3D export
2026-06-09 09:48:09 - batch_20260609_094801 - INFO -     EMG filter...
2026-06-09 09:48:09 - batch_20260609_094801 - INFO -     [OK] EMG filter
2026-06-09 09:48:09 - batch_20260609_094801 - INFO -   sq150_bw_03
2026-06-09 09:48:09 - batch_20260609_094801 - INFO -     C3D export...
2026-06-09 09:48:14 - batch_20260609_094801 - INFO -     [OK] C3D export
2026-06-09 09:48:14 - batch_20260609_094801 - INFO -     EMG filter...
2026-06-09 09:48:14 - batch_20260609_094801 - INFO -     [OK] EMG filter
2026-06-09 09:48:14 - batch_20260609_094801 - INFO -   sq200_bw_01
2026-06-09 09:48:14 - batch_20260609_094801 - INFO -     C3D export...
2026-06-09 09:48:18 - batch_20260609_094801 - INFO -     [OK] C3D export
2026-06-09 09:48:18 - batch_20260609_094801 - INFO -     EMG filter...
2026-06-09 09:48:18 - batch_20260609_094801 - INFO -     [OK] EMG filter
2026-06-09 09:48:18 - batch_20260609_094801 - INFO -   sq200_bw_02
2026-06-09 09:48:18 - batch_20260609_094801 - INFO -     C3D export...
2026-06-09 09:48:22 - batch_20260609_094801 - INFO -     [OK] C3D export
2026-06-09 09:48:22 - batch_20260609_094801 - INFO -     EMG filter...
2026-06-09 09:48:22 - batch_20260609_094801 - INFO -     [OK] EMG filter
2026-06-09 09:48:22 - batch_20260609_094801 - INFO -   sq200_bw_03
2026-06-09 09:48:22 - batch_20260609_094801 - INFO -     C3D export...
2026-06-09 09:48:27 - batch_20260609_094801 - INFO -     [OK] C3D export
2026-06-09 09:48:27 - batch_20260609_094801 - INFO -     EMG filter...
2026-06-09 09:48:27 - batch_20260609_094801 - INFO -     [OK] EMG filter
2026-06-09 09:48:27 - batch_20260609_094801 - INFO -   sq250_bw_01
2026-06-09 09:48:27 - batch_20260609_094801 - INFO -     C3D export...
2026-06-09 09:48:31 - batch_20260609_094801 - INFO -     [OK] C3D export
2026-06-09 09:48:31 - batch_20260609_094801 - INFO -     EMG filter...
2026-06-09 09:48:32 - batch_20260609_094801 - INFO -     [OK] EMG filter
2026-06-09 09:48:32 - batch_20260609_094801 - INFO -   sq250_bw_02
2026-06-09 09:48:32 - batch_20260609_094801 - INFO -     C3D export...
2026-06-09 09:48:36 - batch_20260609_094801 - INFO -     [OK] C3D export
2026-06-09 09:48:36 - batch_20260609_094801 - INFO -     EMG filter...
2026-06-09 09:48:36 - batch_20260609_094801 - INFO -     [OK] EMG filter
2026-06-09 09:48:36 - batch_20260609_094801 - INFO -   sq250_bw_03
2026-06-09 09:48:36 - batch_20260609_094801 - INFO -     C3D export...
2026-06-09 09:48:40 - batch_20260609_094801 - INFO -     [OK] C3D export
2026-06-09 09:48:40 - batch_20260609_094801 - INFO -     EMG filter...
2026-06-09 09:48:40 - batch_20260609_094801 - INFO -     [OK] EMG filter
2026-06-09 09:48:40 - batch_20260609_094801 - INFO -   sq_bw_01
2026-06-09 09:48:40 - batch_20260609_094801 - INFO -     C3D export...
2026-06-09 09:48:44 - batch_20260609_094801 - INFO -     [OK] C3D export
2026-06-09 09:48:44 - batch_20260609_094801 - INFO -     EMG filter...
2026-06-09 09:48:44 - batch_20260609_094801 - INFO -     [OK] EMG filter
2026-06-09 09:48:44 - batch_20260609_094801 - INFO -   sq_bw_02
2026-06-09 09:48:44 - batch_20260609_094801 - INFO -     C3D export...
2026-06-09 09:48:47 - batch_20260609_094801 - INFO -     [OK] C3D export
2026-06-09 09:48:47 - batch_20260609_094801 - INFO -     EMG filter...
2026-06-09 09:48:48 - batch_20260609_094801 - INFO -     [OK] EMG filter
2026-06-09 09:48:48 - batch_20260609_094801 - INFO -   sq_bw_03
2026-06-09 09:48:48 - batch_20260609_094801 - INFO -     C3D export...
2026-06-09 09:48:51 - batch_20260609_094801 - INFO -     [OK] C3D export
2026-06-09 09:48:51 - batch_20260609_094801 - INFO -     EMG filter...
2026-06-09 09:48:51 - batch_20260609_094801 - INFO -     [OK] EMG filter
2026-06-09 09:48:51 - batch_20260609_094801 - INFO -   static01
2026-06-09 09:48:51 - batch_20260609_094801 - INFO -     C3D export...
2026-06-09 09:48:53 - batch_20260609_094801 - INFO -     [OK] C3D export
2026-06-09 09:48:53 - batch_20260609_094801 - INFO -   walking_01
2026-06-09 09:48:53 - batch_20260609_094801 - INFO -     C3D export...
2026-06-09 09:48:57 - batch_20260609_094801 - INFO -     [OK] C3D export
2026-06-09 09:48:57 - batch_20260609_094801 - INFO -     EMG filter...
2026-06-09 09:48:57 - batch_20260609_094801 - INFO -     [OK] EMG filter
2026-06-09 09:48:57 - batch_20260609_094801 - INFO -   walking_02
2026-06-09 09:48:57 - batch_20260609_094801 - INFO -     C3D export...
2026-06-09 09:49:01 - batch_20260609_094801 - INFO -     [OK] C3D export
2026-06-09 09:49:01 - batch_20260609_094801 - INFO -     EMG filter...
2026-06-09 09:49:01 - batch_20260609_094801 - INFO -     [OK] EMG filter
2026-06-09 09:49:01 - batch_20260609_094801 - INFO -   walking_03
2026-06-09 09:49:01 - batch_20260609_094801 - INFO -     C3D export...
2026-06-09 09:49:06 - batch_20260609_094801 - INFO -     [OK] C3D export
2026-06-09 09:49:06 - batch_20260609_094801 - INFO -     EMG filter...
2026-06-09 09:49:06 - batch_20260609_094801 - INFO -     [OK] EMG filter
2026-06-09 09:49:06 - batch_20260609_094801 - INFO - ----------------------------------------------------------------------
2026-06-09 09:49:06 - batch_20260609_094801 - INFO - MODEL SCALING
2026-06-09 09:49:06 - batch_20260609_094801 - INFO - ----------------------------------------------------------------------
2026-06-09 09:49:08 - batch_20260609_094801 - INFO - [OK] Scaled model: C:\Users\Basilio\ucloud\Squat_Width\Models\P05.osim
2026-06-09 09:49:08 - batch_20260609_094801 - INFO - ======================================================================
2026-06-09 09:49:08 - batch_20260609_094801 - INFO - PER-TRIAL ANALYSIS
2026-06-09 09:49:08 - batch_20260609_094801 - INFO - ======================================================================
2026-06-09 09:49:08 - batch_20260609_094801 - INFO - ----------------------------------------------------------------------
2026-06-09 09:49:08 - batch_20260609_094801 - INFO - Trial: sq150_bw_01
2026-06-09 09:49:08 - batch_20260609_094801 - INFO - ----------------------------------------------------------------------
2026-06-09 09:49:08 - batch_20260609_094801 - INFO -     Inverse Kinematics...
2026-06-09 09:50:25 - batch_20260609_094801 - INFO -     [OK] Inverse Kinematics
2026-06-09 09:50:25 - batch_20260609_094801 - INFO -     Inverse Dynamics...
2026-06-09 09:50:40 - batch_20260609_094801 - INFO -     [OK] Inverse Dynamics
2026-06-09 09:50:40 - batch_20260609_094801 - INFO -     Static Optimization...
2026-06-09 10:08:01 - batch_20260609_094801 - INFO -     [OK] Static Optimization
2026-06-09 10:08:01 - batch_20260609_094801 - INFO - ----------------------------------------------------------------------
2026-06-09 10:08:01 - batch_20260609_094801 - INFO - Trial: sq150_bw_02
2026-06-09 10:08:01 - batch_20260609_094801 - INFO - ----------------------------------------------------------------------
2026-06-09 10:08:01 - batch_20260609_094801 - INFO -     Inverse Kinematics...
2026-06-09 10:09:19 - batch_20260609_094801 - INFO -     [OK] Inverse Kinematics
2026-06-09 10:09:19 - batch_20260609_094801 - INFO -     Inverse Dynamics...
2026-06-09 10:09:29 - batch_20260609_094801 - INFO -     [OK] Inverse Dynamics
2026-06-09 10:09:29 - batch_20260609_094801 - INFO -     Static Optimization...
2026-06-09 10:23:22 - batch_20260609_094801 - INFO -     [OK] Static Optimization
2026-06-09 10:23:22 - batch_20260609_094801 - INFO - ----------------------------------------------------------------------
2026-06-09 10:23:22 - batch_20260609_094801 - INFO - Trial: sq150_bw_03
2026-06-09 10:23:22 - batch_20260609_094801 - INFO - ----------------------------------------------------------------------
2026-06-09 10:23:22 - batch_20260609_094801 - INFO -     Inverse Kinematics...
2026-06-09 10:24:16 - batch_20260609_094801 - INFO -     [OK] Inverse Kinematics
2026-06-09 10:24:16 - batch_20260609_094801 - INFO -     Inverse Dynamics...
2026-06-09 10:24:22 - batch_20260609_094801 - INFO -     [OK] Inverse Dynamics
2026-06-09 10:24:22 - batch_20260609_094801 - INFO -     Static Optimization...
2026-06-09 10:33:16 - batch_20260609_094801 - INFO -     [OK] Static Optimization
2026-06-09 10:33:16 - batch_20260609_094801 - INFO - ----------------------------------------------------------------------
2026-06-09 10:33:16 - batch_20260609_094801 - INFO - Trial: sq200_bw_01
2026-06-09 10:33:16 - batch_20260609_094801 - INFO - ----------------------------------------------------------------------
2026-06-09 10:33:16 - batch_20260609_094801 - INFO -     Inverse Kinematics...
2026-06-09 10:34:06 - batch_20260609_094801 - INFO -     [OK] Inverse Kinematics
2026-06-09 10:34:06 - batch_20260609_094801 - INFO -     Inverse Dynamics...
2026-06-09 10:34:11 - batch_20260609_094801 - INFO -     [OK] Inverse Dynamics
2026-06-09 10:34:11 - batch_20260609_094801 - INFO -     Static Optimization...
2026-06-09 10:43:57 - batch_20260609_094801 - INFO -     [OK] Static Optimization
2026-06-09 10:43:57 - batch_20260609_094801 - INFO - ----------------------------------------------------------------------
2026-06-09 10:43:57 - batch_20260609_094801 - INFO - Trial: sq200_bw_02
2026-06-09 10:43:57 - batch_20260609_094801 - INFO - ----------------------------------------------------------------------
2026-06-09 10:43:57 - batch_20260609_094801 - INFO -     Inverse Kinematics...
2026-06-09 10:45:17 - batch_20260609_094801 - INFO -     [OK] Inverse Kinematics
2026-06-09 10:45:17 - batch_20260609_094801 - INFO -     Inverse Dynamics...
2026-06-09 10:45:26 - batch_20260609_094801 - INFO -     [OK] Inverse Dynamics
2026-06-09 10:45:26 - batch_20260609_094801 - INFO -     Static Optimization...
2026-06-09 10:58:25 - batch_20260609_094801 - INFO -     [OK] Static Optimization
2026-06-09 10:58:25 - batch_20260609_094801 - INFO - ----------------------------------------------------------------------
2026-06-09 10:58:25 - batch_20260609_094801 - INFO - Trial: sq200_bw_03
2026-06-09 10:58:25 - batch_20260609_094801 - INFO - ----------------------------------------------------------------------
2026-06-09 10:58:25 - batch_20260609_094801 - INFO -     Inverse Kinematics...
2026-06-09 10:59:56 - batch_20260609_094801 - INFO -     [OK] Inverse Kinematics
2026-06-09 10:59:56 - batch_20260609_094801 - INFO -     Inverse Dynamics...
2026-06-09 11:00:02 - batch_20260609_094801 - INFO -     [OK] Inverse Dynamics
2026-06-09 11:00:02 - batch_20260609_094801 - INFO -     Static Optimization...
2026-06-09 11:11:17 - batch_20260609_094801 - INFO -     [OK] Static Optimization
2026-06-09 11:11:17 - batch_20260609_094801 - INFO - ----------------------------------------------------------------------
2026-06-09 11:11:17 - batch_20260609_094801 - INFO - Trial: sq250_bw_01
2026-06-09 11:11:17 - batch_20260609_094801 - INFO - ----------------------------------------------------------------------
2026-06-09 11:11:17 - batch_20260609_094801 - INFO -     Inverse Kinematics...
2026-06-09 11:12:17 - batch_20260609_094801 - INFO -     [OK] Inverse Kinematics
2026-06-09 11:12:17 - batch_20260609_094801 - INFO -     Inverse Dynamics...
2026-06-09 11:12:25 - batch_20260609_094801 - INFO -     [OK] Inverse Dynamics
2026-06-09 11:12:25 - batch_20260609_094801 - INFO -     Static Optimization...
2026-06-09 11:23:28 - batch_20260609_094801 - INFO -     [OK] Static Optimization
2026-06-09 11:23:28 - batch_20260609_094801 - INFO - ----------------------------------------------------------------------
2026-06-09 11:23:28 - batch_20260609_094801 - INFO - Trial: sq250_bw_02
2026-06-09 11:23:28 - batch_20260609_094801 - INFO - ----------------------------------------------------------------------
2026-06-09 11:23:28 - batch_20260609_094801 - INFO -     Inverse Kinematics...
2026-06-09 11:24:30 - batch_20260609_094801 - INFO -     [OK] Inverse Kinematics
2026-06-09 11:24:30 - batch_20260609_094801 - INFO -     Inverse Dynamics...
2026-06-09 11:24:36 - batch_20260609_094801 - INFO -     [OK] Inverse Dynamics
2026-06-09 11:24:36 - batch_20260609_094801 - INFO -     Static Optimization...
2026-06-09 11:39:50 - batch_20260609_094801 - INFO -     [OK] Static Optimization
2026-06-09 11:39:50 - batch_20260609_094801 - INFO - ----------------------------------------------------------------------
2026-06-09 11:39:50 - batch_20260609_094801 - INFO - Trial: sq250_bw_03
2026-06-09 11:39:50 - batch_20260609_094801 - INFO - ----------------------------------------------------------------------
2026-06-09 11:39:50 - batch_20260609_094801 - INFO -     Inverse Kinematics...
2026-06-09 11:41:00 - batch_20260609_094801 - INFO -     [OK] Inverse Kinematics
2026-06-09 11:41:00 - batch_20260609_094801 - INFO -     Inverse Dynamics...
2026-06-09 11:41:08 - batch_20260609_094801 - INFO -     [OK] Inverse Dynamics
2026-06-09 11:41:08 - batch_20260609_094801 - INFO -     Static Optimization...
2026-06-09 11:54:49 - batch_20260609_094801 - INFO -     [OK] Static Optimization
2026-06-09 11:54:49 - batch_20260609_094801 - INFO - ----------------------------------------------------------------------
2026-06-09 11:54:49 - batch_20260609_094801 - INFO - Trial: sq_bw_01
2026-06-09 11:54:49 - batch_20260609_094801 - INFO - ----------------------------------------------------------------------
2026-06-09 11:54:49 - batch_20260609_094801 - INFO -     Inverse Kinematics...
2026-06-09 11:55:44 - batch_20260609_094801 - INFO -     [OK] Inverse Kinematics
2026-06-09 11:55:44 - batch_20260609_094801 - INFO -     Inverse Dynamics...
2026-06-09 11:55:51 - batch_20260609_094801 - INFO -     [OK] Inverse Dynamics
2026-06-09 11:55:51 - batch_20260609_094801 - INFO -     Static Optimization...
2026-06-09 12:08:21 - batch_20260609_094801 - INFO -     [OK] Static Optimization
2026-06-09 12:08:21 - batch_20260609_094801 - INFO - ----------------------------------------------------------------------
2026-06-09 12:08:21 - batch_20260609_094801 - INFO - Trial: sq_bw_02
2026-06-09 12:08:21 - batch_20260609_094801 - INFO - ----------------------------------------------------------------------
2026-06-09 12:08:21 - batch_20260609_094801 - INFO -     Inverse Kinematics...
2026-06-09 12:09:21 - batch_20260609_094801 - INFO -     [OK] Inverse Kinematics
2026-06-09 12:09:21 - batch_20260609_094801 - INFO -     Inverse Dynamics...
2026-06-09 12:09:28 - batch_20260609_094801 - INFO -     [OK] Inverse Dynamics
2026-06-09 12:09:28 - batch_20260609_094801 - INFO -     Static Optimization...
2026-06-09 12:19:56 - batch_20260609_094801 - INFO -     [OK] Static Optimization
2026-06-09 12:19:56 - batch_20260609_094801 - INFO - ----------------------------------------------------------------------
2026-06-09 12:19:56 - batch_20260609_094801 - INFO - Trial: sq_bw_03
2026-06-09 12:19:56 - batch_20260609_094801 - INFO - ----------------------------------------------------------------------
2026-06-09 12:19:56 - batch_20260609_094801 - INFO -     Inverse Kinematics...
2026-06-09 12:20:47 - batch_20260609_094801 - INFO -     [OK] Inverse Kinematics
2026-06-09 12:20:47 - batch_20260609_094801 - INFO -     Inverse Dynamics...
2026-06-09 12:20:53 - batch_20260609_094801 - INFO -     [OK] Inverse Dynamics
2026-06-09 12:20:53 - batch_20260609_094801 - INFO -     Static Optimization...
2026-06-09 12:32:24 - batch_20260609_094801 - INFO -     [OK] Static Optimization
2026-06-09 12:32:24 - batch_20260609_094801 - INFO - ----------------------------------------------------------------------
2026-06-09 12:32:24 - batch_20260609_094801 - INFO - Trial: static01
2026-06-09 12:32:24 - batch_20260609_094801 - INFO - ----------------------------------------------------------------------
2026-06-09 12:32:24 - batch_20260609_094801 - INFO -     Inverse Kinematics...
2026-06-09 12:33:01 - batch_20260609_094801 - INFO -     [OK] Inverse Kinematics
2026-06-09 12:33:01 - batch_20260609_094801 - INFO -     Inverse Dynamics...
2026-06-09 12:33:06 - batch_20260609_094801 - INFO -     [OK] Inverse Dynamics
2026-06-09 12:33:06 - batch_20260609_094801 - INFO -     Static Optimization...
2026-06-09 12:36:16 - batch_20260609_094801 - INFO -     [OK] Static Optimization
2026-06-09 12:36:16 - batch_20260609_094801 - INFO - ----------------------------------------------------------------------
2026-06-09 12:36:16 - batch_20260609_094801 - INFO - Trial: walking_01
2026-06-09 12:36:16 - batch_20260609_094801 - INFO - ----------------------------------------------------------------------
2026-06-09 12:36:16 - batch_20260609_094801 - INFO -     Inverse Kinematics...
2026-06-09 12:36:18 - batch_20260609_094801 - ERROR -     [ERROR] Inverse Kinematics: std::exception in 'bool OpenSim::InverseKinematicsTool::run()': InverseKinematicsTool Failed, please see messages window for details...
2026-06-09 12:36:18 - batch_20260609_094801 - INFO -     Inverse Dynamics...
2026-06-09 12:36:19 - batch_20260609_094801 - ERROR -     [ERROR] Inverse Dynamics: Inverse Kinematics motion file not found: joint_angles.mot
2026-06-09 12:36:19 - batch_20260609_094801 - INFO -     Static Optimization...
2026-06-09 12:36:19 - batch_20260609_094801 - ERROR -     [ERROR] Static Optimization: SO Pre-flight Check Failed:
  - IK output file not found: C:\Users\Basilio\ucloud\Squat_Width\Simulations\P05\walking_01\joint_angles.mot
2026-06-09 12:36:19 - batch_20260609_094801 - INFO - ----------------------------------------------------------------------
2026-06-09 12:36:19 - batch_20260609_094801 - INFO - Trial: walking_02
2026-06-09 12:36:19 - batch_20260609_094801 - INFO - ----------------------------------------------------------------------
2026-06-09 12:36:19 - batch_20260609_094801 - INFO -     Inverse Kinematics...
2026-06-09 12:36:21 - batch_20260609_094801 - ERROR -     [ERROR] Inverse Kinematics: std::exception in 'bool OpenSim::InverseKinematicsTool::run()': InverseKinematicsTool Failed, please see messages window for details...
2026-06-09 12:36:21 - batch_20260609_094801 - INFO -     Inverse Dynamics...
2026-06-09 12:36:21 - batch_20260609_094801 - ERROR -     [ERROR] Inverse Dynamics: Inverse Kinematics motion file not found: joint_angles.mot
2026-06-09 12:36:21 - batch_20260609_094801 - INFO -     Static Optimization...
2026-06-09 12:36:21 - batch_20260609_094801 - ERROR -     [ERROR] Static Optimization: SO Pre-flight Check Failed:
  - IK output file not found: C:\Users\Basilio\ucloud\Squat_Width\Simulations\P05\walking_02\joint_angles.mot
2026-06-09 12:36:21 - batch_20260609_094801 - INFO - ----------------------------------------------------------------------
2026-06-09 12:36:21 - batch_20260609_094801 - INFO - Trial: walking_03
2026-06-09 12:36:21 - batch_20260609_094801 - INFO - ----------------------------------------------------------------------
2026-06-09 12:36:21 - batch_20260609_094801 - INFO -     Inverse Kinematics...
2026-06-09 12:36:24 - batch_20260609_094801 - ERROR -     [ERROR] Inverse Kinematics: std::exception in 'bool OpenSim::InverseKinematicsTool::run()': InverseKinematicsTool Failed, please see messages window for details...
2026-06-09 12:36:24 - batch_20260609_094801 - INFO -     Inverse Dynamics...
2026-06-09 12:36:24 - batch_20260609_094801 - ERROR -     [ERROR] Inverse Dynamics: Inverse Kinematics motion file not found: joint_angles.mot
2026-06-09 12:36:24 - batch_20260609_094801 - INFO -     Static Optimization...
2026-06-09 12:36:24 - batch_20260609_094801 - ERROR -     [ERROR] Static Optimization: SO Pre-flight Check Failed:
  - IK output file not found: C:\Users\Basilio\ucloud\Squat_Width\Simulations\P05\walking_03\joint_angles.mot
2026-06-09 12:36:24 - batch_20260609_094801 - INFO - Building CEINMS input data (post-EMG normalisation)...
2026-06-09 12:36:24 - batch_20260609_094801 - INFO -     CEINMS input data...
2026-06-09 12:36:24 - batch_20260609_094801 - INFO -     [OK] CEINMS input data
2026-06-09 12:36:24 - batch_20260609_094801 - INFO -     CEINMS input data...
2026-06-09 12:36:24 - batch_20260609_094801 - INFO -     [OK] CEINMS input data
2026-06-09 12:36:24 - batch_20260609_094801 - INFO -     CEINMS input data...
2026-06-09 12:36:24 - batch_20260609_094801 - INFO -     [OK] CEINMS input data
2026-06-09 12:36:24 - batch_20260609_094801 - INFO -     CEINMS input data...
2026-06-09 12:36:25 - batch_20260609_094801 - INFO -     [OK] CEINMS input data
2026-06-09 12:36:25 - batch_20260609_094801 - INFO -     CEINMS input data...
2026-06-09 12:36:25 - batch_20260609_094801 - INFO -     [OK] CEINMS input data
2026-06-09 12:36:25 - batch_20260609_094801 - INFO -     CEINMS input data...
2026-06-09 12:36:25 - batch_20260609_094801 - INFO -     [OK] CEINMS input data
2026-06-09 12:36:25 - batch_20260609_094801 - INFO -     CEINMS input data...
2026-06-09 12:36:25 - batch_20260609_094801 - INFO -     [OK] CEINMS input data
2026-06-09 12:36:25 - batch_20260609_094801 - INFO -     CEINMS input data...
2026-06-09 12:36:25 - batch_20260609_094801 - INFO -     [OK] CEINMS input data
2026-06-09 12:36:25 - batch_20260609_094801 - INFO -     CEINMS input data...
2026-06-09 12:36:25 - batch_20260609_094801 - INFO -     [OK] CEINMS input data
2026-06-09 12:36:25 - batch_20260609_094801 - INFO -     CEINMS input data...
2026-06-09 12:36:25 - batch_20260609_094801 - INFO -     [OK] CEINMS input data
2026-06-09 12:36:25 - batch_20260609_094801 - INFO -     CEINMS input data...
2026-06-09 12:36:25 - batch_20260609_094801 - INFO -     [OK] CEINMS input data
2026-06-09 12:36:25 - batch_20260609_094801 - INFO -     CEINMS input data...
2026-06-09 12:36:25 - batch_20260609_094801 - INFO -     [OK] CEINMS input data
2026-06-09 12:36:25 - batch_20260609_094801 - INFO -     CEINMS input data...
2026-06-09 12:36:25 - batch_20260609_094801 - INFO -     [OK] CEINMS input data
2026-06-09 12:36:25 - batch_20260609_094801 - INFO -     CEINMS input data...
2026-06-09 12:36:26 - batch_20260609_094801 - INFO -     [OK] CEINMS input data
2026-06-09 12:36:26 - batch_20260609_094801 - INFO -     CEINMS input data...
2026-06-09 12:36:26 - batch_20260609_094801 - INFO -     [OK] CEINMS input data
2026-06-09 12:36:26 - batch_20260609_094801 - INFO -     CEINMS input data...
2026-06-09 12:36:26 - batch_20260609_094801 - INFO -     [OK] CEINMS input data
2026-06-09 12:36:26 - batch_20260609_094801 - INFO - ======================================================================
2026-06-09 12:36:26 - batch_20260609_094801 - INFO - CEINMS EXECUTION  (per-trial)
2026-06-09 12:36:26 - batch_20260609_094801 - INFO - ======================================================================
2026-06-09 12:36:26 - batch_20260609_094801 - INFO -     CEINMS Execution...
2026-06-09 12:36:26 - batch_20260609_094801 - INFO -     [OK] CEINMS Execution
2026-06-09 12:36:26 - batch_20260609_094801 - INFO -     CEINMS Execution...
2026-06-09 12:36:26 - batch_20260609_094801 - INFO -     [OK] CEINMS Execution
2026-06-09 12:36:26 - batch_20260609_094801 - INFO -     CEINMS Execution...
2026-06-09 12:36:26 - batch_20260609_094801 - INFO -     [OK] CEINMS Execution
2026-06-09 12:36:26 - batch_20260609_094801 - INFO -     CEINMS Execution...
2026-06-09 12:36:26 - batch_20260609_094801 - INFO -     [OK] CEINMS Execution
2026-06-09 12:36:26 - batch_20260609_094801 - INFO -     CEINMS Execution...
2026-06-09 12:36:26 - batch_20260609_094801 - INFO -     [OK] CEINMS Execution
2026-06-09 12:36:26 - batch_20260609_094801 - INFO -     CEINMS Execution...
2026-06-09 12:36:27 - batch_20260609_094801 - INFO -     [OK] CEINMS Execution
2026-06-09 12:36:27 - batch_20260609_094801 - INFO -     CEINMS Execution...
2026-06-09 12:36:27 - batch_20260609_094801 - INFO -     [OK] CEINMS Execution
2026-06-09 12:36:27 - batch_20260609_094801 - INFO -     CEINMS Execution...
2026-06-09 12:36:27 - batch_20260609_094801 - INFO -     [OK] CEINMS Execution
2026-06-09 12:36:27 - batch_20260609_094801 - INFO -     CEINMS Execution...
2026-06-09 12:36:27 - batch_20260609_094801 - INFO -     [OK] CEINMS Execution
2026-06-09 12:36:27 - batch_20260609_094801 - INFO -     CEINMS Execution...
2026-06-09 12:36:27 - batch_20260609_094801 - INFO -     [OK] CEINMS Execution
2026-06-09 12:36:27 - batch_20260609_094801 - INFO -     CEINMS Execution...
2026-06-09 12:36:27 - batch_20260609_094801 - INFO -     [OK] CEINMS Execution
2026-06-09 12:36:27 - batch_20260609_094801 - INFO -     CEINMS Execution...
2026-06-09 12:36:27 - batch_20260609_094801 - INFO -     [OK] CEINMS Execution
2026-06-09 12:36:27 - batch_20260609_094801 - INFO -     CEINMS Execution...
2026-06-09 12:36:27 - batch_20260609_094801 - INFO -     [OK] CEINMS Execution
2026-06-09 12:36:27 - batch_20260609_094801 - INFO -     CEINMS Execution...
2026-06-09 12:36:28 - batch_20260609_094801 - INFO -     [OK] CEINMS Execution
2026-06-09 12:36:28 - batch_20260609_094801 - INFO -     CEINMS Execution...
2026-06-09 12:36:28 - batch_20260609_094801 - INFO -     [OK] CEINMS Execution
2026-06-09 12:36:28 - batch_20260609_094801 - INFO -     CEINMS Execution...
2026-06-09 12:36:28 - batch_20260609_094801 - INFO -     [OK] CEINMS Execution
2026-06-09 12:36:28 - batch_20260609_094801 - INFO - ======================================================================
2026-06-09 12:36:28 - batch_20260609_094801 - INFO - [OK] PIPELINE COMPLETED
2026-06-09 12:36:28 - batch_20260609_094801 - INFO - ======================================================================
2026-06-09 12:36:28 - batch_20260609_094801 - INFO - Batch processing finished.
