2026-06-09 01:39:34 - batch_20260609_013934 - INFO - ======================================================================
2026-06-09 01:39:34 - batch_20260609_013934 - INFO - Biomechanical Analysis - Batch Processing
2026-06-09 01:39:34 - batch_20260609_013934 - INFO - Session folder : C:\Users\Basilio\ucloud\Squat_Width\Simulations\P012d
2026-06-09 01:39:34 - batch_20260609_013934 - INFO - ======================================================================
2026-06-09 01:39:34 - batch_20260609_013934 - INFO - Found 2 C3D file(s)
2026-06-09 01:39:34 - batch_20260609_013934 - INFO - ======================================================================
2026-06-09 01:39:34 - batch_20260609_013934 - INFO - C3D EXPORT  (all trials)
2026-06-09 01:39:34 - batch_20260609_013934 - INFO - ======================================================================
2026-06-09 01:39:34 - batch_20260609_013934 - INFO -   cmj_02
2026-06-09 01:39:34 - batch_20260609_013934 - INFO -     C3D export...
2026-06-09 01:39:35 - batch_20260609_013934 - INFO -     [OK] C3D export
2026-06-09 01:39:35 - batch_20260609_013934 - INFO -     EMG filter...
2026-06-09 01:39:35 - batch_20260609_013934 - INFO -     [OK] EMG filter
2026-06-09 01:39:35 - batch_20260609_013934 - INFO -   static_01
2026-06-09 01:39:35 - batch_20260609_013934 - INFO -     C3D export...
2026-06-09 01:39:36 - batch_20260609_013934 - INFO -     [OK] C3D export
2026-06-09 01:39:36 - batch_20260609_013934 - INFO - ----------------------------------------------------------------------
2026-06-09 01:39:36 - batch_20260609_013934 - INFO - MODEL SCALING
2026-06-09 01:39:36 - batch_20260609_013934 - INFO - ----------------------------------------------------------------------
2026-06-09 01:39:36 - batch_20260609_013934 - INFO - [OK] Scaled model: C:\Users\Basilio\ucloud\Squat_Width\Models\P012d.osim
2026-06-09 01:39:36 - batch_20260609_013934 - INFO - ======================================================================
2026-06-09 01:39:36 - batch_20260609_013934 - INFO - PER-TRIAL ANALYSIS
2026-06-09 01:39:36 - batch_20260609_013934 - INFO - ======================================================================
2026-06-09 01:39:36 - batch_20260609_013934 - INFO - ----------------------------------------------------------------------
2026-06-09 01:39:36 - batch_20260609_013934 - INFO - Trial: cmj_02
2026-06-09 01:39:36 - batch_20260609_013934 - INFO - ----------------------------------------------------------------------
2026-06-09 01:39:36 - batch_20260609_013934 - INFO -     Inverse Kinematics...
2026-06-09 01:40:19 - batch_20260609_013934 - INFO -     [OK] Inverse Kinematics
2026-06-09 01:40:19 - batch_20260609_013934 - INFO -     Inverse Dynamics...
2026-06-09 01:40:23 - batch_20260609_013934 - INFO -     [OK] Inverse Dynamics
2026-06-09 01:40:23 - batch_20260609_013934 - INFO -     Static Optimization...
2026-06-09 01:45:56 - batch_20260609_013934 - INFO -     [OK] Static Optimization
2026-06-09 01:45:56 - batch_20260609_013934 - INFO -     Muscle Analysis...
2026-06-09 01:49:11 - batch_20260609_013934 - INFO -     [OK] Muscle Analysis
2026-06-09 01:49:11 - batch_20260609_013934 - INFO - ----------------------------------------------------------------------
2026-06-09 01:49:11 - batch_20260609_013934 - INFO - Trial: static_01
2026-06-09 01:49:11 - batch_20260609_013934 - INFO - ----------------------------------------------------------------------
2026-06-09 01:49:11 - batch_20260609_013934 - INFO -   Skipping (in trials_to_skip)
2026-06-09 01:49:11 - batch_20260609_013934 - INFO - Session EMG amplitude normalisation (session-max scaling)...
2026-06-09 01:49:11 - batch_20260609_013934 - INFO - [OK] EMG normalised across session
2026-06-09 01:49:11 - batch_20260609_013934 - INFO - Building CEINMS input data (post-EMG normalisation)...
2026-06-09 01:49:11 - batch_20260609_013934 - INFO -     CEINMS input data...
2026-06-09 01:49:11 - batch_20260609_013934 - INFO -     [OK] CEINMS input data
2026-06-09 01:49:11 - batch_20260609_013934 - INFO - ======================================================================
2026-06-09 01:49:11 - batch_20260609_013934 - INFO - CEINMS EXECUTION  (per-trial)
2026-06-09 01:49:11 - batch_20260609_013934 - INFO - ======================================================================
2026-06-09 01:49:11 - batch_20260609_013934 - INFO -     CEINMS Execution...
2026-06-09 01:49:12 - batch_20260609_013934 - INFO -     [OK] CEINMS Execution
2026-06-09 01:49:12 - batch_20260609_013934 - INFO -     Skipping static_01 (in trials_to_skip)
2026-06-09 01:49:12 - batch_20260609_013934 - INFO - ======================================================================
2026-06-09 01:49:12 - batch_20260609_013934 - INFO - [OK] PIPELINE COMPLETED
2026-06-09 01:49:12 - batch_20260609_013934 - INFO - ======================================================================
2026-06-09 01:49:12 - batch_20260609_013934 - INFO - Batch processing finished.
