2026-06-08 20:34:45 - batch_20260608_203445 - INFO - ======================================================================
2026-06-08 20:34:45 - batch_20260608_203445 - INFO - Biomechanical Analysis - Batch Processing
2026-06-08 20:34:45 - batch_20260608_203445 - INFO - Session folder : C:\Users\Basilio\ucloud\Squat_Width\Simulations\P012d
2026-06-08 20:34:45 - batch_20260608_203445 - INFO - ======================================================================
2026-06-08 20:34:45 - batch_20260608_203445 - INFO - Found 2 C3D file(s)
2026-06-08 20:34:45 - batch_20260608_203445 - INFO - ======================================================================
2026-06-08 20:34:45 - batch_20260608_203445 - INFO - PER-TRIAL ANALYSIS
2026-06-08 20:34:45 - batch_20260608_203445 - INFO - ======================================================================
2026-06-08 20:34:45 - batch_20260608_203445 - INFO - ----------------------------------------------------------------------
2026-06-08 20:34:45 - batch_20260608_203445 - INFO - Trial: cmj_02
2026-06-08 20:34:45 - batch_20260608_203445 - INFO - ----------------------------------------------------------------------
2026-06-08 20:34:45 - batch_20260608_203445 - INFO - ----------------------------------------------------------------------
2026-06-08 20:34:45 - batch_20260608_203445 - INFO - Trial: static_01
2026-06-08 20:34:45 - batch_20260608_203445 - INFO - ----------------------------------------------------------------------
2026-06-08 20:34:45 - batch_20260608_203445 - INFO - Building CEINMS input data (post-EMG normalisation)...
2026-06-08 20:34:45 - batch_20260608_203445 - INFO -     CEINMS input data...
2026-06-08 20:34:45 - batch_20260608_203445 - INFO -     [OK] CEINMS input data
2026-06-08 20:34:45 - batch_20260608_203445 - INFO -     CEINMS input data...
2026-06-08 20:34:45 - batch_20260608_203445 - INFO -     [OK] CEINMS input data
2026-06-08 20:34:45 - batch_20260608_203445 - INFO - ======================================================================
2026-06-08 20:34:45 - batch_20260608_203445 - INFO - CEINMS EXECUTION  (per-trial)
2026-06-08 20:34:45 - batch_20260608_203445 - INFO - ======================================================================
2026-06-08 20:34:45 - batch_20260608_203445 - INFO -     CEINMS Execution...
2026-06-08 20:34:49 - batch_20260608_203445 - INFO -     [OK] CEINMS Execution
2026-06-08 20:34:49 - batch_20260608_203445 - INFO -     CEINMS Execution...
2026-06-08 20:34:52 - batch_20260608_203445 - INFO -     [OK] CEINMS Execution
2026-06-08 20:34:52 - batch_20260608_203445 - INFO - ======================================================================
2026-06-08 20:34:52 - batch_20260608_203445 - INFO - [OK] PIPELINE COMPLETED
2026-06-08 20:34:52 - batch_20260608_203445 - INFO - ======================================================================
2026-06-08 20:34:52 - batch_20260608_203445 - INFO - Batch processing finished.
