2026-06-08 13:37:36 - batch_20260608_133736 - INFO - ======================================================================
2026-06-08 13:37:36 - batch_20260608_133736 - INFO - Biomechanical Analysis - Batch Processing
2026-06-08 13:37:36 - batch_20260608_133736 - INFO - Session folder : C:\Users\Basilio\ucloud\Squat_Width\Simulations\P012d
2026-06-08 13:37:36 - batch_20260608_133736 - INFO - ======================================================================
2026-06-08 13:37:36 - batch_20260608_133736 - INFO - Found 2 C3D file(s)
2026-06-08 13:37:36 - batch_20260608_133736 - INFO - ======================================================================
2026-06-08 13:37:36 - batch_20260608_133736 - INFO - PER-TRIAL ANALYSIS
2026-06-08 13:37:36 - batch_20260608_133736 - INFO - ======================================================================
2026-06-08 13:37:36 - batch_20260608_133736 - INFO - ----------------------------------------------------------------------
2026-06-08 13:37:36 - batch_20260608_133736 - INFO - Trial: cmj_02
2026-06-08 13:37:36 - batch_20260608_133736 - INFO - ----------------------------------------------------------------------
2026-06-08 13:37:36 - batch_20260608_133736 - INFO - ----------------------------------------------------------------------
2026-06-08 13:37:36 - batch_20260608_133736 - INFO - Trial: static_01
2026-06-08 13:37:36 - batch_20260608_133736 - INFO - ----------------------------------------------------------------------
2026-06-08 13:37:36 - batch_20260608_133736 - INFO - Building CEINMS input data (post-EMG normalisation)...
2026-06-08 13:37:36 - batch_20260608_133736 - INFO -     CEINMS input data...
2026-06-08 13:37:36 - batch_20260608_133736 - INFO -     [OK] CEINMS input data
2026-06-08 13:37:36 - batch_20260608_133736 - INFO -     CEINMS input data...
2026-06-08 13:37:36 - batch_20260608_133736 - INFO -     [OK] CEINMS input data
2026-06-08 13:37:36 - batch_20260608_133736 - INFO - ======================================================================
2026-06-08 13:37:36 - batch_20260608_133736 - INFO - CEINMS CALIBRATION  (session-level)
2026-06-08 13:37:36 - batch_20260608_133736 - INFO - ======================================================================
2026-06-08 13:37:36 - batch_20260608_133736 - INFO -     CEINMS Calibration...
2026-06-08 13:37:55 - batch_20260608_133736 - ERROR -     [ERROR] CEINMS Calibration: Calibrated model not produced: C:\Users\Basilio\ucloud\Squat_Width\Simulations\P012d\subjectCalibrated.xml
2026-06-08 13:37:55 - batch_20260608_133736 - INFO - ======================================================================
2026-06-08 13:37:55 - batch_20260608_133736 - INFO - CEINMS EXECUTION  (per-trial)
2026-06-08 13:37:55 - batch_20260608_133736 - INFO - ======================================================================
2026-06-08 13:37:55 - batch_20260608_133736 - INFO -     CEINMS Execution...
2026-06-08 13:37:55 - batch_20260608_133736 - INFO -     [OK] CEINMS Execution
2026-06-08 13:37:55 - batch_20260608_133736 - INFO -     CEINMS Execution...
2026-06-08 13:37:55 - batch_20260608_133736 - INFO -     [OK] CEINMS Execution
2026-06-08 13:37:55 - batch_20260608_133736 - INFO - ======================================================================
2026-06-08 13:37:55 - batch_20260608_133736 - INFO - [OK] PIPELINE COMPLETED
2026-06-08 13:37:55 - batch_20260608_133736 - INFO - ======================================================================
2026-06-08 13:37:55 - batch_20260608_133736 - INFO - Batch processing finished.
