2026-06-08 13:06:55 - batch_20260608_130655 - INFO - ======================================================================
2026-06-08 13:06:55 - batch_20260608_130655 - INFO - Biomechanical Analysis - Batch Processing
2026-06-08 13:06:55 - batch_20260608_130655 - INFO - Session folder : C:\Users\Basilio\ucloud\Squat_Width\Simulations\P012d
2026-06-08 13:06:55 - batch_20260608_130655 - INFO - ======================================================================
2026-06-08 13:06:55 - batch_20260608_130655 - INFO - Found 2 C3D file(s)
2026-06-08 13:06:55 - batch_20260608_130655 - INFO - ======================================================================
2026-06-08 13:06:55 - batch_20260608_130655 - INFO - PER-TRIAL ANALYSIS
2026-06-08 13:06:55 - batch_20260608_130655 - INFO - ======================================================================
2026-06-08 13:06:55 - batch_20260608_130655 - INFO - ----------------------------------------------------------------------
2026-06-08 13:06:55 - batch_20260608_130655 - INFO - Trial: cmj_02
2026-06-08 13:06:55 - batch_20260608_130655 - INFO - ----------------------------------------------------------------------
2026-06-08 13:06:55 - batch_20260608_130655 - INFO - ----------------------------------------------------------------------
2026-06-08 13:06:55 - batch_20260608_130655 - INFO - Trial: static_01
2026-06-08 13:06:55 - batch_20260608_130655 - INFO - ----------------------------------------------------------------------
2026-06-08 13:06:55 - batch_20260608_130655 - INFO - Building CEINMS input data (post-EMG normalisation)...
2026-06-08 13:06:55 - batch_20260608_130655 - INFO -     CEINMS input data...
2026-06-08 13:06:55 - batch_20260608_130655 - INFO -     [OK] CEINMS input data
2026-06-08 13:06:55 - batch_20260608_130655 - INFO -     CEINMS input data...
2026-06-08 13:06:55 - batch_20260608_130655 - INFO -     [OK] CEINMS input data
2026-06-08 13:06:55 - batch_20260608_130655 - INFO - ======================================================================
2026-06-08 13:06:55 - batch_20260608_130655 - INFO - CEINMS CALIBRATION  (session-level)
2026-06-08 13:06:55 - batch_20260608_130655 - INFO - ======================================================================
2026-06-08 13:06:55 - batch_20260608_130655 - INFO -     CEINMS Calibration...
2026-06-08 13:07:18 - batch_20260608_130655 - ERROR -     [ERROR] CEINMS Calibration: [WinError 2] The system cannot find the file specified: 'C:\\Users\\Basilio\\ucloud\\Squat_Width\\Simulations\\P012d\\subjectCalibrated.xml'
2026-06-08 13:07:18 - batch_20260608_130655 - INFO - ======================================================================
2026-06-08 13:07:18 - batch_20260608_130655 - INFO - CEINMS EXECUTION  (per-trial)
2026-06-08 13:07:18 - batch_20260608_130655 - INFO - ======================================================================
2026-06-08 13:07:18 - batch_20260608_130655 - INFO -     CEINMS Execution...
2026-06-08 13:07:18 - batch_20260608_130655 - INFO -     [OK] CEINMS Execution
2026-06-08 13:07:18 - batch_20260608_130655 - INFO -     CEINMS Execution...
2026-06-08 13:07:18 - batch_20260608_130655 - INFO -     [OK] CEINMS Execution
2026-06-08 13:07:18 - batch_20260608_130655 - INFO - ======================================================================
2026-06-08 13:07:18 - batch_20260608_130655 - INFO - [OK] PIPELINE COMPLETED
2026-06-08 13:07:18 - batch_20260608_130655 - INFO - ======================================================================
2026-06-08 13:07:18 - batch_20260608_130655 - INFO - Batch processing finished.
