2026-06-09 13:57:16 - batch_20260609_135716 - INFO - ======================================================================
2026-06-09 13:57:16 - batch_20260609_135716 - INFO - Biomechanical Analysis - Batch Processing
2026-06-09 13:57:16 - batch_20260609_135716 - INFO - Session folder : C:\Users\Basilio\ucloud\Squat_Width\Simulations\P05
2026-06-09 13:57:16 - batch_20260609_135716 - INFO - ======================================================================
2026-06-09 13:57:16 - batch_20260609_135716 - INFO - Found 16 C3D file(s)
2026-06-09 13:57:16 - batch_20260609_135716 - INFO - ======================================================================
2026-06-09 13:57:16 - batch_20260609_135716 - INFO - PER-TRIAL ANALYSIS
2026-06-09 13:57:16 - batch_20260609_135716 - INFO - ======================================================================
2026-06-09 13:57:16 - batch_20260609_135716 - INFO - ----------------------------------------------------------------------
2026-06-09 13:57:16 - batch_20260609_135716 - INFO - Trial: sq150_bw_01
2026-06-09 13:57:16 - batch_20260609_135716 - INFO - ----------------------------------------------------------------------
2026-06-09 13:57:16 - batch_20260609_135716 - INFO -     Muscle Analysis...
2026-06-09 14:06:07 - batch_20260609_135716 - INFO -     [OK] Muscle Analysis
2026-06-09 14:06:07 - batch_20260609_135716 - INFO - ----------------------------------------------------------------------
2026-06-09 14:06:07 - batch_20260609_135716 - INFO - Trial: sq150_bw_02
2026-06-09 14:06:07 - batch_20260609_135716 - INFO - ----------------------------------------------------------------------
2026-06-09 14:06:07 - batch_20260609_135716 - INFO -     Muscle Analysis...
2026-06-09 14:20:23 - batch_20260609_135716 - INFO -     [OK] Muscle Analysis
2026-06-09 14:20:23 - batch_20260609_135716 - INFO - ----------------------------------------------------------------------
2026-06-09 14:20:23 - batch_20260609_135716 - INFO - Trial: sq150_bw_03
2026-06-09 14:20:23 - batch_20260609_135716 - INFO - ----------------------------------------------------------------------
2026-06-09 14:20:23 - batch_20260609_135716 - INFO -     Muscle Analysis...
2026-06-09 14:27:03 - batch_20260609_135716 - INFO -     [OK] Muscle Analysis
2026-06-09 14:27:03 - batch_20260609_135716 - INFO - ----------------------------------------------------------------------
2026-06-09 14:27:03 - batch_20260609_135716 - INFO - Trial: sq200_bw_01
2026-06-09 14:27:03 - batch_20260609_135716 - INFO - ----------------------------------------------------------------------
2026-06-09 14:27:03 - batch_20260609_135716 - INFO -     Muscle Analysis...
2026-06-09 14:38:27 - batch_20260609_135716 - INFO -     [OK] Muscle Analysis
2026-06-09 14:38:27 - batch_20260609_135716 - INFO - ----------------------------------------------------------------------
2026-06-09 14:38:27 - batch_20260609_135716 - INFO - Trial: sq200_bw_02
2026-06-09 14:38:27 - batch_20260609_135716 - INFO - ----------------------------------------------------------------------
2026-06-09 14:38:27 - batch_20260609_135716 - INFO -     Muscle Analysis...
2026-06-09 14:48:48 - batch_20260609_135716 - INFO -     [OK] Muscle Analysis
2026-06-09 14:48:48 - batch_20260609_135716 - INFO - ----------------------------------------------------------------------
2026-06-09 14:48:48 - batch_20260609_135716 - INFO - Trial: sq200_bw_03
2026-06-09 14:48:48 - batch_20260609_135716 - INFO - ----------------------------------------------------------------------
2026-06-09 14:48:48 - batch_20260609_135716 - INFO -     Muscle Analysis...
2026-06-09 15:01:59 - batch_20260609_135716 - INFO -     [OK] Muscle Analysis
2026-06-09 15:01:59 - batch_20260609_135716 - INFO - ----------------------------------------------------------------------
2026-06-09 15:01:59 - batch_20260609_135716 - INFO - Trial: sq250_bw_01
2026-06-09 15:01:59 - batch_20260609_135716 - INFO - ----------------------------------------------------------------------
2026-06-09 15:01:59 - batch_20260609_135716 - INFO -     Muscle Analysis...
2026-06-09 15:11:14 - batch_20260609_135716 - INFO -     [OK] Muscle Analysis
2026-06-09 15:11:14 - batch_20260609_135716 - INFO - ----------------------------------------------------------------------
2026-06-09 15:11:14 - batch_20260609_135716 - INFO - Trial: sq250_bw_02
2026-06-09 15:11:14 - batch_20260609_135716 - INFO - ----------------------------------------------------------------------
2026-06-09 15:11:14 - batch_20260609_135716 - INFO -     Muscle Analysis...
2026-06-09 15:21:42 - batch_20260609_135716 - INFO -     [OK] Muscle Analysis
2026-06-09 15:21:42 - batch_20260609_135716 - INFO - ----------------------------------------------------------------------
2026-06-09 15:21:42 - batch_20260609_135716 - INFO - Trial: sq250_bw_03
2026-06-09 15:21:42 - batch_20260609_135716 - INFO - ----------------------------------------------------------------------
2026-06-09 15:21:42 - batch_20260609_135716 - INFO -     Muscle Analysis...
2026-06-09 15:31:34 - batch_20260609_135716 - INFO -     [OK] Muscle Analysis
2026-06-09 15:31:34 - batch_20260609_135716 - INFO - ----------------------------------------------------------------------
2026-06-09 15:31:34 - batch_20260609_135716 - INFO - Trial: sq_bw_01
2026-06-09 15:31:34 - batch_20260609_135716 - INFO - ----------------------------------------------------------------------
2026-06-09 15:31:34 - batch_20260609_135716 - INFO -     Muscle Analysis...
2026-06-09 15:41:01 - batch_20260609_135716 - INFO -     [OK] Muscle Analysis
2026-06-09 15:41:01 - batch_20260609_135716 - INFO - ----------------------------------------------------------------------
2026-06-09 15:41:01 - batch_20260609_135716 - INFO - Trial: sq_bw_02
2026-06-09 15:41:01 - batch_20260609_135716 - INFO - ----------------------------------------------------------------------
2026-06-09 15:41:01 - batch_20260609_135716 - INFO -     Muscle Analysis...
2026-06-09 15:54:44 - batch_20260609_135716 - INFO -     [OK] Muscle Analysis
2026-06-09 15:54:44 - batch_20260609_135716 - INFO - ----------------------------------------------------------------------
2026-06-09 15:54:44 - batch_20260609_135716 - INFO - Trial: sq_bw_03
2026-06-09 15:54:44 - batch_20260609_135716 - INFO - ----------------------------------------------------------------------
2026-06-09 15:54:44 - batch_20260609_135716 - INFO -     Muscle Analysis...
2026-06-09 16:03:36 - batch_20260609_135716 - INFO -     [OK] Muscle Analysis
2026-06-09 16:03:36 - batch_20260609_135716 - INFO - ----------------------------------------------------------------------
2026-06-09 16:03:36 - batch_20260609_135716 - INFO - Trial: static01
2026-06-09 16:03:36 - batch_20260609_135716 - INFO - ----------------------------------------------------------------------
2026-06-09 16:03:36 - batch_20260609_135716 - INFO -     Muscle Analysis...
2026-06-09 16:05:35 - batch_20260609_135716 - INFO -     [OK] Muscle Analysis
2026-06-09 16:05:35 - batch_20260609_135716 - INFO - ----------------------------------------------------------------------
2026-06-09 16:05:35 - batch_20260609_135716 - INFO - Trial: walking_01
2026-06-09 16:05:35 - batch_20260609_135716 - INFO - ----------------------------------------------------------------------
2026-06-09 16:05:35 - batch_20260609_135716 - INFO -     Muscle Analysis...
2026-06-09 16:05:35 - batch_20260609_135716 - ERROR -     [ERROR] Muscle Analysis: Inverse Kinematics motion file not found: C:\Users\Basilio\ucloud\Squat_Width\Simulations\P05\walking_01\joint_angles.mot
2026-06-09 16:05:35 - batch_20260609_135716 - INFO - ----------------------------------------------------------------------
2026-06-09 16:05:35 - batch_20260609_135716 - INFO - Trial: walking_02
2026-06-09 16:05:35 - batch_20260609_135716 - INFO - ----------------------------------------------------------------------
2026-06-09 16:05:35 - batch_20260609_135716 - INFO -     Muscle Analysis...
2026-06-09 16:05:35 - batch_20260609_135716 - ERROR -     [ERROR] Muscle Analysis: Inverse Kinematics motion file not found: C:\Users\Basilio\ucloud\Squat_Width\Simulations\P05\walking_02\joint_angles.mot
2026-06-09 16:05:35 - batch_20260609_135716 - INFO - ----------------------------------------------------------------------
2026-06-09 16:05:35 - batch_20260609_135716 - INFO - Trial: walking_03
2026-06-09 16:05:35 - batch_20260609_135716 - INFO - ----------------------------------------------------------------------
2026-06-09 16:05:35 - batch_20260609_135716 - INFO -     Muscle Analysis...
2026-06-09 16:05:35 - batch_20260609_135716 - ERROR -     [ERROR] Muscle Analysis: Inverse Kinematics motion file not found: C:\Users\Basilio\ucloud\Squat_Width\Simulations\P05\walking_03\joint_angles.mot
2026-06-09 16:05:35 - batch_20260609_135716 - INFO - Session EMG amplitude normalisation (session-max scaling)...
2026-06-09 16:05:37 - batch_20260609_135716 - INFO - [OK] EMG normalised across session
2026-06-09 16:05:37 - batch_20260609_135716 - INFO - Building CEINMS input data (post-EMG normalisation)...
2026-06-09 16:05:37 - batch_20260609_135716 - INFO -     CEINMS input data...
2026-06-09 16:05:37 - batch_20260609_135716 - ERROR -     [ERROR] CEINMS input data: 'Analyse' object has no attribute 'time_range'
2026-06-09 16:05:37 - batch_20260609_135716 - INFO -     CEINMS input data...
2026-06-09 16:05:37 - batch_20260609_135716 - ERROR -     [ERROR] CEINMS input data: 'Analyse' object has no attribute 'time_range'
2026-06-09 16:05:37 - batch_20260609_135716 - INFO -     CEINMS input data...
2026-06-09 16:05:37 - batch_20260609_135716 - ERROR -     [ERROR] CEINMS input data: 'Analyse' object has no attribute 'time_range'
2026-06-09 16:05:37 - batch_20260609_135716 - INFO -     CEINMS input data...
2026-06-09 16:05:37 - batch_20260609_135716 - ERROR -     [ERROR] CEINMS input data: 'Analyse' object has no attribute 'time_range'
2026-06-09 16:05:37 - batch_20260609_135716 - INFO -     CEINMS input data...
2026-06-09 16:05:37 - batch_20260609_135716 - ERROR -     [ERROR] CEINMS input data: 'Analyse' object has no attribute 'time_range'
2026-06-09 16:05:37 - batch_20260609_135716 - INFO -     CEINMS input data...
2026-06-09 16:05:37 - batch_20260609_135716 - ERROR -     [ERROR] CEINMS input data: 'Analyse' object has no attribute 'time_range'
2026-06-09 16:05:37 - batch_20260609_135716 - INFO -     CEINMS input data...
2026-06-09 16:05:37 - batch_20260609_135716 - ERROR -     [ERROR] CEINMS input data: 'Analyse' object has no attribute 'time_range'
2026-06-09 16:05:37 - batch_20260609_135716 - INFO -     CEINMS input data...
2026-06-09 16:05:37 - batch_20260609_135716 - ERROR -     [ERROR] CEINMS input data: 'Analyse' object has no attribute 'time_range'
2026-06-09 16:05:37 - batch_20260609_135716 - INFO -     CEINMS input data...
2026-06-09 16:05:37 - batch_20260609_135716 - ERROR -     [ERROR] CEINMS input data: 'Analyse' object has no attribute 'time_range'
2026-06-09 16:05:37 - batch_20260609_135716 - INFO -     CEINMS input data...
2026-06-09 16:05:37 - batch_20260609_135716 - ERROR -     [ERROR] CEINMS input data: 'Analyse' object has no attribute 'time_range'
2026-06-09 16:05:37 - batch_20260609_135716 - INFO -     CEINMS input data...
2026-06-09 16:05:37 - batch_20260609_135716 - ERROR -     [ERROR] CEINMS input data: 'Analyse' object has no attribute 'time_range'
2026-06-09 16:05:37 - batch_20260609_135716 - INFO -     CEINMS input data...
2026-06-09 16:05:37 - batch_20260609_135716 - ERROR -     [ERROR] CEINMS input data: 'Analyse' object has no attribute 'time_range'
2026-06-09 16:05:37 - batch_20260609_135716 - INFO -     CEINMS input data...
2026-06-09 16:05:37 - batch_20260609_135716 - ERROR -     [ERROR] CEINMS input data: 'Analyse' object has no attribute 'time_range'
2026-06-09 16:05:37 - batch_20260609_135716 - INFO -     CEINMS input data...
2026-06-09 16:05:37 - batch_20260609_135716 - ERROR -     [ERROR] CEINMS input data: 'Analyse' object has no attribute 'time_range'
2026-06-09 16:05:37 - batch_20260609_135716 - INFO -     CEINMS input data...
2026-06-09 16:05:37 - batch_20260609_135716 - ERROR -     [ERROR] CEINMS input data: 'Analyse' object has no attribute 'time_range'
2026-06-09 16:05:37 - batch_20260609_135716 - INFO -     CEINMS input data...
2026-06-09 16:05:37 - batch_20260609_135716 - ERROR -     [ERROR] CEINMS input data: 'Analyse' object has no attribute 'time_range'
2026-06-09 16:05:37 - batch_20260609_135716 - INFO - ======================================================================
2026-06-09 16:05:37 - batch_20260609_135716 - INFO - CEINMS CALIBRATION  (session-level)
2026-06-09 16:05:37 - batch_20260609_135716 - INFO - ======================================================================
2026-06-09 16:05:37 - batch_20260609_135716 - INFO -     CEINMS Calibration...
2026-06-09 16:05:59 - batch_20260609_135716 - ERROR -     [ERROR] CEINMS Calibration: 'Analyse' object has no attribute 'time_range'
2026-06-09 16:05:59 - batch_20260609_135716 - INFO - ======================================================================
2026-06-09 16:05:59 - batch_20260609_135716 - INFO - CEINMS EXECUTION  (per-trial)
2026-06-09 16:05:59 - batch_20260609_135716 - INFO - ======================================================================
2026-06-09 16:05:59 - batch_20260609_135716 - INFO -     CEINMS Execution...
2026-06-09 16:05:59 - batch_20260609_135716 - ERROR -     [ERROR] CEINMS Execution: 'Analyse' object has no attribute 'time_range'
2026-06-09 16:05:59 - batch_20260609_135716 - INFO -     CEINMS Execution...
2026-06-09 16:05:59 - batch_20260609_135716 - ERROR -     [ERROR] CEINMS Execution: 'Analyse' object has no attribute 'time_range'
2026-06-09 16:05:59 - batch_20260609_135716 - INFO -     CEINMS Execution...
2026-06-09 16:05:59 - batch_20260609_135716 - ERROR -     [ERROR] CEINMS Execution: 'Analyse' object has no attribute 'time_range'
2026-06-09 16:05:59 - batch_20260609_135716 - INFO -     CEINMS Execution...
2026-06-09 16:05:59 - batch_20260609_135716 - ERROR -     [ERROR] CEINMS Execution: 'Analyse' object has no attribute 'time_range'
2026-06-09 16:05:59 - batch_20260609_135716 - INFO -     CEINMS Execution...
2026-06-09 16:05:59 - batch_20260609_135716 - ERROR -     [ERROR] CEINMS Execution: 'Analyse' object has no attribute 'time_range'
2026-06-09 16:05:59 - batch_20260609_135716 - INFO -     CEINMS Execution...
2026-06-09 16:05:59 - batch_20260609_135716 - ERROR -     [ERROR] CEINMS Execution: 'Analyse' object has no attribute 'time_range'
2026-06-09 16:05:59 - batch_20260609_135716 - INFO -     CEINMS Execution...
2026-06-09 16:05:59 - batch_20260609_135716 - ERROR -     [ERROR] CEINMS Execution: 'Analyse' object has no attribute 'time_range'
2026-06-09 16:05:59 - batch_20260609_135716 - INFO -     CEINMS Execution...
2026-06-09 16:05:59 - batch_20260609_135716 - ERROR -     [ERROR] CEINMS Execution: 'Analyse' object has no attribute 'time_range'
2026-06-09 16:05:59 - batch_20260609_135716 - INFO -     CEINMS Execution...
2026-06-09 16:05:59 - batch_20260609_135716 - ERROR -     [ERROR] CEINMS Execution: 'Analyse' object has no attribute 'time_range'
2026-06-09 16:05:59 - batch_20260609_135716 - INFO -     CEINMS Execution...
2026-06-09 16:05:59 - batch_20260609_135716 - ERROR -     [ERROR] CEINMS Execution: 'Analyse' object has no attribute 'time_range'
2026-06-09 16:05:59 - batch_20260609_135716 - INFO -     CEINMS Execution...
2026-06-09 16:05:59 - batch_20260609_135716 - ERROR -     [ERROR] CEINMS Execution: 'Analyse' object has no attribute 'time_range'
2026-06-09 16:05:59 - batch_20260609_135716 - INFO -     CEINMS Execution...
2026-06-09 16:05:59 - batch_20260609_135716 - ERROR -     [ERROR] CEINMS Execution: 'Analyse' object has no attribute 'time_range'
2026-06-09 16:05:59 - batch_20260609_135716 - INFO -     CEINMS Execution...
2026-06-09 16:05:59 - batch_20260609_135716 - ERROR -     [ERROR] CEINMS Execution: 'Analyse' object has no attribute 'time_range'
2026-06-09 16:05:59 - batch_20260609_135716 - INFO -     CEINMS Execution...
2026-06-09 16:05:59 - batch_20260609_135716 - ERROR -     [ERROR] CEINMS Execution: 'Analyse' object has no attribute 'time_range'
2026-06-09 16:05:59 - batch_20260609_135716 - INFO -     CEINMS Execution...
2026-06-09 16:05:59 - batch_20260609_135716 - ERROR -     [ERROR] CEINMS Execution: 'Analyse' object has no attribute 'time_range'
2026-06-09 16:05:59 - batch_20260609_135716 - INFO -     CEINMS Execution...
2026-06-09 16:05:59 - batch_20260609_135716 - ERROR -     [ERROR] CEINMS Execution: 'Analyse' object has no attribute 'time_range'
2026-06-09 16:05:59 - batch_20260609_135716 - INFO - ======================================================================
2026-06-09 16:05:59 - batch_20260609_135716 - INFO - [OK] PIPELINE COMPLETED
2026-06-09 16:05:59 - batch_20260609_135716 - INFO - ======================================================================
2026-06-09 16:05:59 - batch_20260609_135716 - INFO - Batch processing finished.
