2026-06-08 22:50:42 - batch_20260608_225042 - INFO - ======================================================================
2026-06-08 22:50:42 - batch_20260608_225042 - INFO - Biomechanical Analysis - Batch Processing
2026-06-08 22:50:42 - batch_20260608_225042 - INFO - Session folder : C:\Users\Basilio\ucloud\Squat_Width\Simulations\P012d
2026-06-08 22:50:42 - batch_20260608_225042 - INFO - ======================================================================
2026-06-08 22:50:42 - batch_20260608_225042 - INFO - Found 2 C3D file(s)
2026-06-08 22:50:42 - batch_20260608_225042 - INFO - ======================================================================
2026-06-08 22:50:42 - batch_20260608_225042 - INFO - PER-TRIAL ANALYSIS
2026-06-08 22:50:42 - batch_20260608_225042 - INFO - ======================================================================
2026-06-08 22:50:42 - batch_20260608_225042 - INFO - ----------------------------------------------------------------------
2026-06-08 22:50:42 - batch_20260608_225042 - INFO - Trial: cmj_02
2026-06-08 22:50:42 - batch_20260608_225042 - INFO - ----------------------------------------------------------------------
2026-06-08 22:50:42 - batch_20260608_225042 - INFO - ----------------------------------------------------------------------
2026-06-08 22:50:42 - batch_20260608_225042 - INFO - Trial: static_01
2026-06-08 22:50:42 - batch_20260608_225042 - INFO - ----------------------------------------------------------------------
2026-06-08 22:50:42 - batch_20260608_225042 - INFO -   Skipping (in trials_to_skip)
2026-06-08 22:50:42 - batch_20260608_225042 - INFO - Building CEINMS input data (post-EMG normalisation)...
2026-06-08 22:50:42 - batch_20260608_225042 - INFO -     CEINMS input data...
2026-06-08 22:51:35 - batch_20260608_225042 - INFO -     [OK] CEINMS input data
2026-06-08 22:51:35 - batch_20260608_225042 - INFO - ======================================================================
2026-06-08 22:51:35 - batch_20260608_225042 - INFO - CEINMS EXECUTION  (per-trial)
2026-06-08 22:51:35 - batch_20260608_225042 - INFO - ======================================================================
2026-06-08 22:51:35 - batch_20260608_225042 - INFO -     CEINMS Execution...
2026-06-08 22:51:36 - batch_20260608_225042 - INFO -     [OK] CEINMS Execution
2026-06-08 22:51:36 - batch_20260608_225042 - INFO -     Skipping static_01 (in trials_to_skip)
2026-06-08 22:51:36 - batch_20260608_225042 - INFO - ======================================================================
2026-06-08 22:51:36 - batch_20260608_225042 - INFO - [OK] PIPELINE COMPLETED
2026-06-08 22:51:36 - batch_20260608_225042 - INFO - ======================================================================
2026-06-08 22:51:36 - batch_20260608_225042 - INFO - Batch processing finished.
