2026-06-08 13:40:53 - batch_20260608_134053 - INFO - ======================================================================
2026-06-08 13:40:53 - batch_20260608_134053 - INFO - Biomechanical Analysis - Batch Processing
2026-06-08 13:40:53 - batch_20260608_134053 - INFO - Session folder : C:\Users\Basilio\ucloud\Squat_Width\Simulations\P012d
2026-06-08 13:40:53 - batch_20260608_134053 - INFO - ======================================================================
2026-06-08 13:40:53 - batch_20260608_134053 - INFO - Found 2 C3D file(s)
2026-06-08 13:40:53 - batch_20260608_134053 - INFO - ======================================================================
2026-06-08 13:40:53 - batch_20260608_134053 - INFO - PER-TRIAL ANALYSIS
2026-06-08 13:40:53 - batch_20260608_134053 - INFO - ======================================================================
2026-06-08 13:40:53 - batch_20260608_134053 - INFO - ----------------------------------------------------------------------
2026-06-08 13:40:53 - batch_20260608_134053 - INFO - Trial: cmj_02
2026-06-08 13:40:53 - batch_20260608_134053 - INFO - ----------------------------------------------------------------------
2026-06-08 13:40:53 - batch_20260608_134053 - INFO - ----------------------------------------------------------------------
2026-06-08 13:40:53 - batch_20260608_134053 - INFO - Trial: static_01
2026-06-08 13:40:53 - batch_20260608_134053 - INFO - ----------------------------------------------------------------------
2026-06-08 13:40:53 - batch_20260608_134053 - INFO - Building CEINMS input data (post-EMG normalisation)...
2026-06-08 13:40:53 - batch_20260608_134053 - INFO -     CEINMS input data...
2026-06-08 13:40:53 - batch_20260608_134053 - INFO -     [OK] CEINMS input data
2026-06-08 13:40:53 - batch_20260608_134053 - INFO -     CEINMS input data...
2026-06-08 13:40:53 - batch_20260608_134053 - INFO -     [OK] CEINMS input data
2026-06-08 13:40:53 - batch_20260608_134053 - INFO - ======================================================================
2026-06-08 13:40:53 - batch_20260608_134053 - INFO - CEINMS CALIBRATION  (session-level)
2026-06-08 13:40:53 - batch_20260608_134053 - INFO - ======================================================================
2026-06-08 13:40:53 - batch_20260608_134053 - INFO -     CEINMS Calibration...
2026-06-08 13:46:20 - batch_20260608_134053 - INFO -     [OK] CEINMS Calibration
2026-06-08 13:46:20 - batch_20260608_134053 - INFO - ======================================================================
2026-06-08 13:46:20 - batch_20260608_134053 - INFO - CEINMS EXECUTION  (per-trial)
2026-06-08 13:46:20 - batch_20260608_134053 - INFO - ======================================================================
2026-06-08 13:46:20 - batch_20260608_134053 - INFO -     CEINMS Execution...
2026-06-08 13:46:21 - batch_20260608_134053 - INFO -     [OK] CEINMS Execution
2026-06-08 13:46:21 - batch_20260608_134053 - INFO -     CEINMS Execution...
2026-06-08 13:46:22 - batch_20260608_134053 - INFO -     [OK] CEINMS Execution
2026-06-08 13:46:22 - batch_20260608_134053 - INFO - ======================================================================
2026-06-08 13:46:22 - batch_20260608_134053 - INFO - [OK] PIPELINE COMPLETED
2026-06-08 13:46:22 - batch_20260608_134053 - INFO - ======================================================================
2026-06-08 13:46:22 - batch_20260608_134053 - INFO - Batch processing finished.
